Archive member included to satisfy reference by file (symbol)

e:/softwares/atmelstudio/7.0/toolchain/arm/arm-gnu-toolchain/bin/../lib/gcc/arm-none-eabi/6.3.1/thumb/v7e-m\libgcc.a(_arm_addsubdf3.o)
                              Apps/JsonParser/source/parson.o (__aeabi_dsub)
e:/softwares/atmelstudio/7.0/toolchain/arm/arm-gnu-toolchain/bin/../lib/gcc/arm-none-eabi/6.3.1/thumb/v7e-m\libgcc.a(_arm_muldivdf3.o)
                              Apps/JsonParser/source/parson.o (__aeabi_dmul)
e:/softwares/atmelstudio/7.0/toolchain/arm/arm-gnu-toolchain/bin/../lib/gcc/arm-none-eabi/6.3.1/thumb/v7e-m\libgcc.a(_arm_cmpdf2.o)
                              Apps/JsonParser/source/parson.o (__aeabi_dcmpeq)
e:/softwares/atmelstudio/7.0/toolchain/arm/arm-gnu-toolchain/bin/../lib/gcc/arm-none-eabi/6.3.1/thumb/v7e-m\libgcc.a(_arm_fixunsdfsi.o)
                              hpl/sercom/hpl_sercom.o (__aeabi_d2uiz)
e:/softwares/atmelstudio/7.0/toolchain/arm/arm-gnu-toolchain/bin/../lib/gcc/arm-none-eabi/6.3.1/thumb/v7e-m\libgcc.a(_aeabi_uldivmod.o)
                              hpl/sercom/hpl_sercom.o (__aeabi_uldivmod)
e:/softwares/atmelstudio/7.0/toolchain/arm/arm-gnu-toolchain/bin/../lib/gcc/arm-none-eabi/6.3.1/thumb/v7e-m\libgcc.a(_udivmoddi4.o)
                              e:/softwares/atmelstudio/7.0/toolchain/arm/arm-gnu-toolchain/bin/../lib/gcc/arm-none-eabi/6.3.1/thumb/v7e-m\libgcc.a(_aeabi_uldivmod.o) (__udivmoddi4)
e:/softwares/atmelstudio/7.0/toolchain/arm/arm-gnu-toolchain/bin/../lib/gcc/arm-none-eabi/6.3.1/thumb/v7e-m\libgcc.a(_dvmd_tls.o)
                              e:/softwares/atmelstudio/7.0/toolchain/arm/arm-gnu-toolchain/bin/../lib/gcc/arm-none-eabi/6.3.1/thumb/v7e-m\libgcc.a(_aeabi_uldivmod.o) (__aeabi_ldiv0)
e:/softwares/atmelstudio/7.0/toolchain/arm/arm-gnu-toolchain/bin/../lib/gcc/arm-none-eabi/6.3.1/../../../../arm-none-eabi/lib/thumb/v7e-m\libc_nano.a(lib_a-errno.o)
                              Apps/JsonParser/source/parson.o (__errno)
e:/softwares/atmelstudio/7.0/toolchain/arm/arm-gnu-toolchain/bin/../lib/gcc/arm-none-eabi/6.3.1/../../../../arm-none-eabi/lib/thumb/v7e-m\libc_nano.a(lib_a-exit.o)
                              e:/softwares/atmelstudio/7.0/toolchain/arm/arm-gnu-toolchain/bin/../lib/gcc/arm-none-eabi/6.3.1/../../../../arm-none-eabi/lib/thumb/v7e-m/crt0.o (exit)
e:/softwares/atmelstudio/7.0/toolchain/arm/arm-gnu-toolchain/bin/../lib/gcc/arm-none-eabi/6.3.1/../../../../arm-none-eabi/lib/thumb/v7e-m\libc_nano.a(lib_a-fclose.o)
                              Apps/JsonParser/source/parson.o (fclose)
e:/softwares/atmelstudio/7.0/toolchain/arm/arm-gnu-toolchain/bin/../lib/gcc/arm-none-eabi/6.3.1/../../../../arm-none-eabi/lib/thumb/v7e-m\libc_nano.a(lib_a-fflush.o)
                              e:/softwares/atmelstudio/7.0/toolchain/arm/arm-gnu-toolchain/bin/../lib/gcc/arm-none-eabi/6.3.1/../../../../arm-none-eabi/lib/thumb/v7e-m\libc_nano.a(lib_a-fclose.o) (__sflush_r)
e:/softwares/atmelstudio/7.0/toolchain/arm/arm-gnu-toolchain/bin/../lib/gcc/arm-none-eabi/6.3.1/../../../../arm-none-eabi/lib/thumb/v7e-m\libc_nano.a(lib_a-findfp.o)
                              e:/softwares/atmelstudio/7.0/toolchain/arm/arm-gnu-toolchain/bin/../lib/gcc/arm-none-eabi/6.3.1/../../../../arm-none-eabi/lib/thumb/v7e-m\libc_nano.a(lib_a-fclose.o) (__sinit)
e:/softwares/atmelstudio/7.0/toolchain/arm/arm-gnu-toolchain/bin/../lib/gcc/arm-none-eabi/6.3.1/../../../../arm-none-eabi/lib/thumb/v7e-m\libc_nano.a(lib_a-fopen.o)
                              Apps/JsonParser/source/parson.o (fopen)
e:/softwares/atmelstudio/7.0/toolchain/arm/arm-gnu-toolchain/bin/../lib/gcc/arm-none-eabi/6.3.1/../../../../arm-none-eabi/lib/thumb/v7e-m\libc_nano.a(lib_a-fputs.o)
                              Apps/JsonParser/source/parson.o (fputs)
e:/softwares/atmelstudio/7.0/toolchain/arm/arm-gnu-toolchain/bin/../lib/gcc/arm-none-eabi/6.3.1/../../../../arm-none-eabi/lib/thumb/v7e-m\libc_nano.a(lib_a-fread.o)
                              Apps/JsonParser/source/parson.o (fread)
e:/softwares/atmelstudio/7.0/toolchain/arm/arm-gnu-toolchain/bin/../lib/gcc/arm-none-eabi/6.3.1/../../../../arm-none-eabi/lib/thumb/v7e-m\libc_nano.a(lib_a-fseek.o)
                              e:/softwares/atmelstudio/7.0/toolchain/arm/arm-gnu-toolchain/bin/../lib/gcc/arm-none-eabi/6.3.1/../../../../arm-none-eabi/lib/thumb/v7e-m\libc_nano.a(lib_a-fopen.o) (_fseek_r)
e:/softwares/atmelstudio/7.0/toolchain/arm/arm-gnu-toolchain/bin/../lib/gcc/arm-none-eabi/6.3.1/../../../../arm-none-eabi/lib/thumb/v7e-m\libc_nano.a(lib_a-fseeko.o)
                              e:/softwares/atmelstudio/7.0/toolchain/arm/arm-gnu-toolchain/bin/../lib/gcc/arm-none-eabi/6.3.1/../../../../arm-none-eabi/lib/thumb/v7e-m\libc_nano.a(lib_a-fseek.o) (_fseeko_r)
e:/softwares/atmelstudio/7.0/toolchain/arm/arm-gnu-toolchain/bin/../lib/gcc/arm-none-eabi/6.3.1/../../../../arm-none-eabi/lib/thumb/v7e-m\libc_nano.a(lib_a-ftell.o)
[...]
Memory Configuration

Name             Origin             Length             Attributes
rom              0x00000000         0x00100000         xr
ram              0x20000000         0x00040000         xrw
bkupram          0x47000000         0x00002000         xrw
qspi             0x04000000         0x01000000         xrw
*default*        0x00000000         0xffffffff

Linker script and memory map

LOAD e:/softwares/atmelstudio/7.0/toolchain/arm/arm-gnu-toolchain/bin/../lib/gcc/arm-none-eabi/6.3.1/thumb/v7e-m/crti.o
LOAD e:/softwares/atmelstudio/7.0/toolchain/arm/arm-gnu-toolchain/bin/../lib/gcc/arm-none-eabi/6.3.1/thumb/v7e-m/crtbegin.o
LOAD e:/softwares/atmelstudio/7.0/toolchain/arm/arm-gnu-toolchain/bin/../lib/gcc/arm-none-eabi/6.3.1/../../../../arm-none-eabi/lib/thumb/v7e-m/crt0.o
LOAD Apps/Common/FreeRtosHooks.o
LOAD Apps/JsonParser/source/JsonPacket.o
LOAD Apps/JsonParser/source/parson.o
LOAD Apps/LedControl/source/ledControl.o
LOAD Apps/LedControl/source/ledPwmControl.o
LOAD Apps/SelectInputs/source/selectInputs.o
LOAD Apps/SensorAdcInputs/source/SensorAdcInputs.o
LOAD Apps/Tasks/DispatchTask/source/DispatchTask.o
LOAD Apps/Tasks/ModemTask/source/ModemBasicTest.o
LOAD Apps/Tasks/ModemTask/source/ModemCmdParser.o
LOAD Apps/Tasks/ModemTask/source/ModemConnection.o
LOAD Apps/Tasks/ModemTask/source/ModemController.o
LOAD Apps/Tasks/ModemTask/source/ModemParameters.o
LOAD Apps/Tasks/ModemTask/source/ModemPowerControl.o
LOAD Apps/Tasks/ModemTask/source/ModemProcessTask.o
LOAD Apps/Tasks/ModemTask/source/ModemResponseHandles.o
LOAD Apps/Tasks/ModemTask/source/ModemRxTask.o
LOAD Apps/Tasks/ModemTask/source/ModemTxTask.o
LOAD Apps/UartDriver/source/UartDriver.o
LOAD Apps/SerialDebug/SerialDebug.o
LOAD atmel_start.o
LOAD Device_Startup/startup_samd51.o
LOAD Device_Startup/system_samd51.o
LOAD driver_init.o
LOAD examples/driver_examples.o
LOAD hal/src/hal_ac_sync.o
LOAD hal/src/hal_adc_sync.o
LOAD hal/src/hal_atomic.o
LOAD hal/src/hal_dac_sync.o
LOAD hal/src/hal_delay.o
LOAD hal/src/hal_evsys.o
LOAD hal/src/hal_ext_irq.o
LOAD hal/src/hal_flash.o
LOAD hal/src/hal_gpio.o
LOAD hal/src/hal_init.o
LOAD hal/src/hal_io.o
LOAD hal/src/hal_pwm.o
LOAD hal/src/hal_sleep.o
LOAD hal/src/hal_timer.o
LOAD hal/src/hal_usart_os.o
LOAD hal/src/hal_usart_sync.o
LOAD hal/src/hal_wdt.o
LOAD hal/utils/src/utils_assert.o
LOAD hal/utils/src/utils_event.o
LOAD hal/utils/src/utils_list.o
LOAD hal/utils/src/utils_ringbuffer.o
LOAD hal/utils/src/utils_syscalls.o
LOAD hpl/ac/hpl_ac.o
LOAD hpl/adc/hpl_adc.o
LOAD hpl/core/hpl_core_m4.o
LOAD hpl/core/hpl_init.o
LOAD hpl/dac/hpl_dac.o
LOAD hpl/dmac/hpl_dmac.o
LOAD hpl/eic/hpl_eic.o
LOAD hpl/evsys/hpl_evsys.o
LOAD hpl/gclk/hpl_gclk.o
LOAD hpl/mclk/hpl_mclk.o
LOAD hpl/nvmctrl/hpl_nvmctrl.o
LOAD hpl/osc32kctrl/hpl_osc32kctrl.o
LOAD hpl/oscctrl/hpl_oscctrl.o
LOAD hpl/pm/hpl_pm.o
LOAD hpl/ramecc/hpl_ramecc.o
LOAD hpl/sercom/hpl_sercom.o
LOAD hpl/systick/hpl_systick.o
LOAD hpl/tcc/hpl_tcc.o
LOAD hpl/tc/hpl_tc.o
LOAD hpl/wdt/hpl_wdt.o
LOAD main.o
LOAD rtos_start.o
LOAD stdio_redirect/gcc/read.o
LOAD stdio_redirect/gcc/write.o
LOAD stdio_redirect/stdio_io.o
LOAD stdio_start.o
LOAD thirdparty/RTOS/freertos/FreeRTOSV10.0.0/rtos_port.o
LOAD thirdparty/RTOS/freertos/FreeRTOSV10.0.0/Source/croutine.o
LOAD thirdparty/RTOS/freertos/FreeRTOSV10.0.0/Source/event_groups.o
LOAD thirdparty/RTOS/freertos/FreeRTOSV10.0.0/Source/list.o
LOAD thirdparty/RTOS/freertos/FreeRTOSV10.0.0/Source/portable/GCC/ARM_CM4F/port.o
LOAD thirdparty/RTOS/freertos/FreeRTOSV10.0.0/Source/portable/MemMang/heap_1.o
LOAD thirdparty/RTOS/freertos/FreeRTOSV10.0.0/Source/queue.o
LOAD thirdparty/RTOS/freertos/FreeRTOSV10.0.0/Source/stream_buffer.o
LOAD thirdparty/RTOS/freertos/FreeRTOSV10.0.0/Source/tasks.o
LOAD thirdparty/RTOS/freertos/FreeRTOSV10.0.0/Source/timers.o
START GROUP
LOAD e:/softwares/atmelstudio/7.0/toolchain/arm/arm-gnu-toolchain/bin/../lib/gcc/arm-none-eabi/6.3.1/../../../../arm-none-eabi/lib/thumb/v7e-m\libm.a
END GROUP
START GROUP
LOAD e:/softwares/atmelstudio/7.0/toolchain/arm/arm-gnu-toolchain/bin/../lib/gcc/arm-none-eabi/6.3.1/thumb/v7e-m\libgcc.a
LOAD e:/softwares/atmelstudio/7.0/toolchain/arm/arm-gnu-toolchain/bin/../lib/gcc/arm-none-eabi/6.3.1/../../../../arm-none-eabi/lib/thumb/v7e-m\libc_nano.a
END GROUP
START GROUP
LOAD e:/softwares/atmelstudio/7.0/toolchain/arm/arm-gnu-toolchain/bin/../lib/gcc/arm-none-eabi/6.3.1/thumb/v7e-m\libgcc.a
LOAD e:/softwares/atmelstudio/7.0/toolchain/arm/arm-gnu-toolchain/bin/../lib/gcc/arm-none-eabi/6.3.1/../../../../arm-none-eabi/lib/thumb/v7e-m\libc_nano.a
END GROUP
LOAD e:/softwares/atmelstudio/7.0/toolchain/arm/arm-gnu-toolchain/bin/../lib/gcc/arm-none-eabi/6.3.1/thumb/v7e-m/crtend.o
LOAD e:/softwares/atmelstudio/7.0/toolchain/arm/arm-gnu-toolchain/bin/../lib/gcc/arm-none-eabi/6.3.1/thumb/v7e-m/crtn.o
                0x00010000                STACK_SIZE = DEFINED (STACK_SIZE)?STACK_SIZE:DEFINED (__stack_size__)?__stack_size__:0x10000

.text           0x00000000     0x4b84
                0x00000000                . = ALIGN (0x4)
                0x00000000                _sfixed = .
 *(.vectors .vectors.*)
 .vectors       0x00000000      0x264 Device_Startup/startup_samd51.o
                0x00000000                exception_table
 *(.text .text.* .gnu.linkonce.t.*)
 .text          0x00000264       0x6c e:/softwares/atmelstudio/7.0/toolchain/arm/arm-gnu-toolchain/bin/../lib/gcc/arm-none-eabi/6.3.1/thumb/v7e-m/crtbegin.o
 .text.vApplicationStackOverflowHook
                0x000002d0       0x64 Apps/Common/FreeRtosHooks.o
                0x000002d0                vApplicationStackOverflowHook
 .text.DispatchTask
                0x00000334       0x2c Apps/Tasks/DispatchTask/source/DispatchTask.o
                0x00000334                DispatchTask
 .text.mdmCtrlr_DataCommInit
                0x00000360       0x68 Apps/Tasks/ModemTask/source/ModemController.o
                0x00000360                mdmCtrlr_DataCommInit
 .text.SERCOM3_0_Handler
                0x000003c8        0xc Apps/Tasks/ModemTask/source/ModemController.o
                0x000003c8                SERCOM3_0_Handler
 .text.SERCOM3_1_Handler
                0x000003d4        0xc Apps/Tasks/ModemTask/source/ModemController.o
                0x000003d4                SERCOM3_1_Handler
 .text.SERCOM3_2_Handler
                0x000003e0       0x34 Apps/Tasks/ModemTask/source/ModemController.o
                0x000003e0                SERCOM3_2_Handler
 .text.gpio_set_pin_direction.constprop.0
                0x00000414       0x28 Apps/Tasks/ModemTask/source/ModemPowerControl.o
 .text.getModemPowerStatus
                0x0000043c        0xc Apps/Tasks/ModemTask/source/ModemPowerControl.o
                0x0000043c                getModemPowerStatus
 .text.modemPowerStateInit
                0x00000448       0x14 Apps/Tasks/ModemTask/source/ModemPowerControl.o
                0x00000448                modemPowerStateInit
 .text.modemPowerSchedule
                0x0000045c      0x138 Apps/Tasks/ModemTask/source/ModemPowerControl.o
                0x0000045c                modemPowerSchedule
 .text.ModemProcessTask
                0x00000594       0x3c Apps/Tasks/ModemTask/source/ModemProcessTask.o
                0x00000594                ModemProcessTask
 .text.ModemRxTask
                0x000005d0       0x20 Apps/Tasks/ModemTask/source/ModemRxTask.o
                0x000005d0                ModemRxTask
 .text.ModemTxTask
                0x000005f0       0x28 Apps/Tasks/ModemTask/source/ModemTxTask.o
                0x000005f0                ModemTxTask
 .text.usart_async_write
                0x00000618       0x50 Apps/UartDriver/source/UartDriver.o
                0x00000618                usart_async_write
 .text.SerialDebugTxByteSentCallBack
                0x00000668        0x6 Apps/SerialDebug/SerialDebug.o
                0x00000668                SerialDebugTxByteSentCallBack
 .text.SerialDebugErrorCallBack
                0x0000066e        0x6 Apps/SerialDebug/SerialDebug.o
                0x0000066e                SerialDebugErrorCallBack
 .text.SerialDebugPrintInit
                0x00000674       0x2c Apps/SerialDebug/SerialDebug.o
                0x00000674                SerialDebugPrintInit
 .text.SerialDebugPrint
                0x000006a0       0x28 Apps/SerialDebug/SerialDebug.o
                0x000006a0                SerialDebugPrint
 .text.SerialDebugTxDoneCallBack
                0x000006c8       0x1c Apps/SerialDebug/SerialDebug.o
                0x000006c8                SerialDebugTxDoneCallBack
 .text.ConsoleDebugPrint
                0x000006e4       0x48 Apps/SerialDebug/SerialDebug.o
                0x000006e4                ConsoleDebugPrint
 .text.SERCOM5_2_Handler
                0x0000072c       0x54 Apps/SerialDebug/SerialDebug.o
                0x0000072c                SERCOM5_2_Handler
 .text.configureWatchDogTimeOut
                0x00000780       0x3c atmel_start.o
                0x00000780                configureWatchDogTimeOut
 .text.enableWatchDogTimer
                0x000007bc       0x38 atmel_start.o
                0x000007bc                enableWatchDogTimer
 .text.atmel_start_init
                0x000007f4       0x24 atmel_start.o
                0x000007f4                atmel_start_init
 .text.kickWatchDog
                0x00000818       0x10 atmel_start.o
                0x00000818                kickWatchDog
 .text.Dummy_Handler
                0x00000828        0x2 Device_Startup/startup_samd51.o
                0x00000828                EIC_5_Handler
                0x00000828                SERCOM0_2_Handler
                0x00000828                DebugMon_Handler
                0x00000828                EIC_13_Handler
                0x00000828                EVSYS_0_Handler
                0x00000828                TCC1_3_Handler
                0x00000828                DAC_3_Handler
                0x00000828                TRNG_Handler
                0x00000828                HardFault_Handler
                0x00000828                PDEC_2_Handler
                0x00000828                EIC_4_Handler
                0x00000828                AC_Handler
                0x00000828                TCC2_3_Handler
                0x00000828                NMI_Handler
                0x00000828                ADC1_1_Handler
                0x00000828                EVSYS_3_Handler
                0x00000828                PDEC_0_Handler
                0x00000828                QSPI_Handler
                0x00000828                EIC_3_Handler
                0x00000828                TAL_0_Handler
                0x00000828                DAC_2_Handler
                0x00000828                SERCOM0_0_Handler
                0x00000828                RTC_Handler
                0x00000828                UsageFault_Handler
                0x00000828                SERCOM4_0_Handler
                0x00000828                EIC_10_Handler
                0x00000828                SERCOM0_3_Handler
                0x00000828                EIC_11_Handler
                0x00000828                EIC_9_Handler
                0x00000828                OSC32KCTRL_Handler
                0x00000828                TCC2_1_Handler
                0x00000828                SUPC_1_Handler
                0x00000828                TCC0_5_Handler
                0x00000828                TCC0_6_Handler
                0x00000828                EVSYS_1_Handler
                0x00000828                TCC1_4_Handler
                0x00000828                WDT_Handler
                0x00000828                EIC_8_Handler
                0x00000828                EIC_15_Handler
                0x00000828                SERCOM5_0_Handler
                0x00000828                OSCCTRL_4_Handler
                0x00000828                SERCOM4_3_Handler
                0x00000828                EIC_12_Handler
                0x00000828                TCC4_2_Handler
                0x00000828                PAC_Handler
                0x00000828                USB_0_Handler
                0x00000828                OSCCTRL_0_Handler
                0x00000828                EIC_0_Handler
                0x00000828                OSCCTRL_3_Handler
                0x00000828                SERCOM4_1_Handler
                0x00000828                Dummy_Handler
                0x00000828                TCC2_2_Handler
                0x00000828                SERCOM5_1_Handler
                0x00000828                TCC1_1_Handler
                0x00000828                ADC0_0_Handler
                0x00000828                SERCOM0_1_Handler
                0x00000828                OSCCTRL_2_Handler
                0x00000828                ADC1_0_Handler
                0x00000828                TCC1_2_Handler
                0x00000828                USB_1_Handler
                0x00000828                PM_Handler
                0x00000828                SERCOM2_3_Handler
                0x00000828                DAC_4_Handler
                0x00000828                TCC3_2_Handler
                0x00000828                TCC0_2_Handler
                0x00000828                USB_3_Handler
                0x00000828                PDEC_1_Handler
                0x00000828                MemManage_Handler
                0x00000828                TCC4_1_Handler
                0x00000828                SERCOM5_3_Handler
                0x00000828                USB_2_Handler
                0x00000828                SDHC0_Handler
                0x00000828                SERCOM1_1_Handler
                0x00000828                I2S_Handler
                0x00000828                EIC_2_Handler
                0x00000828                PCC_Handler
                0x00000828                DAC_0_Handler
                0x00000828                TCC0_1_Handler
                0x00000828                SERCOM1_3_Handler
                0x00000828                EIC_6_Handler
                0x00000828                OSCCTRL_1_Handler
                0x00000828                SERCOM1_0_Handler
                0x00000828                PUKCC_Handler
                0x00000828                SERCOM2_1_Handler
                0x00000828                SERCOM1_2_Handler
                0x00000828                EIC_1_Handler
                0x00000828                SERCOM4_2_Handler
                0x00000828                EVSYS_4_Handler
                0x00000828                EIC_7_Handler
                0x00000828                SERCOM3_3_Handler
                0x00000828                ADC0_1_Handler
                0x00000828                SERCOM2_2_Handler
                0x00000828                TCC3_1_Handler
                0x00000828                EIC_14_Handler
                0x00000828                DAC_1_Handler
                0x00000828                TAL_1_Handler
                0x00000828                MCLK_Handler
                0x00000828                EVSYS_2_Handler
                0x00000828                SUPC_0_Handler
                0x00000828                BusFault_Handler
                0x00000828                FREQM_Handler
                0x00000828                TCC0_3_Handler
                0x00000828                TCC0_4_Handler
                0x00000828                SERCOM2_0_Handler
                0x00000828                AES_Handler
                0x00000828                ICM_Handler
 *fill*         0x0000082a        0x2 
 .text.Reset_Handler
                0x0000082c       0x78 Device_Startup/startup_samd51.o
                0x0000082c                Reset_Handler
 .text._gpio_set_pin_function
                0x000008a4       0x68 driver_init.o
 .text.gpio_set_pin_direction.constprop.0
                0x0000090c       0x28 driver_init.o
 .text.AC_0_CLOCK_init
                0x00000934       0x1c driver_init.o
                0x00000934                AC_0_CLOCK_init
 .text.AC_0_init
                0x00000950       0x24 driver_init.o
                0x00000950                AC_0_init
 .text.ADC_0_PORT_init
                0x00000974       0x84 driver_init.o
                0x00000974                ADC_0_PORT_init
 .text.ADC_0_CLOCK_init
                0x000009f8       0x1c driver_init.o
                0x000009f8                ADC_0_CLOCK_init
 .text.ADC_0_init
                0x00000a14       0x2c driver_init.o
                0x00000a14                ADC_0_init
 .text.ADC_1_CLOCK_init
                0x00000a40       0x1c driver_init.o
                0x00000a40                ADC_1_CLOCK_init
 .text.ADC_1_init
                0x00000a5c       0x24 driver_init.o
                0x00000a5c                ADC_1_init
 .text.DAC_0_CLOCK_init
                0x00000a80       0x1c driver_init.o
                0x00000a80                DAC_0_CLOCK_init
 .text.DAC_0_init
                0x00000a9c       0x24 driver_init.o
                0x00000a9c                DAC_0_init
 .text.EXTERNAL_IRQ_0_init
                0x00000ac0       0x24 driver_init.o
                0x00000ac0                EXTERNAL_IRQ_0_init
 .text.EVENT_SYSTEM_0_init
                0x00000ae4       0x18 driver_init.o
                0x00000ae4                EVENT_SYSTEM_0_init
 .text.FLASH_0_CLOCK_init
                0x00000afc       0x10 driver_init.o
                0x00000afc                FLASH_0_CLOCK_init
 .text.FLASH_0_init
                0x00000b0c       0x24 driver_init.o
                0x00000b0c                FLASH_0_init
 .text.ModemData_PORT_init
                0x00000b30       0x24 driver_init.o
                0x00000b30                ModemData_PORT_init
 .text.ModemData_CLOCK_init
                0x00000b54       0x24 driver_init.o
                0x00000b54                ModemData_CLOCK_init
 .text.ModemData_init
                0x00000b78       0x20 driver_init.o
                0x00000b78                ModemData_init
 .text.SerialDebug_PORT_init
                0x00000b98       0x24 driver_init.o
                0x00000b98                SerialDebug_PORT_init
 .text.SerialDebug_CLOCK_init
                0x00000bbc       0x24 driver_init.o
                0x00000bbc                SerialDebug_CLOCK_init
 .text.SerialDebug_init
                0x00000be0       0x20 driver_init.o
                0x00000be0                SerialDebug_init
 .text.delay_driver_init
                0x00000c00       0x10 driver_init.o
                0x00000c00                delay_driver_init
 .text.PWM_0_CLOCK_init
                0x00000c10       0x1c driver_init.o
                0x00000c10                PWM_0_CLOCK_init
 .text.PWM_0_init
                0x00000c2c       0x2c driver_init.o
                0x00000c2c                PWM_0_init
 .text.PWM_1_CLOCK_init
                0x00000c58       0x1c driver_init.o
                0x00000c58                PWM_1_CLOCK_init
 .text.PWM_1_init
                0x00000c74       0x2c driver_init.o
                0x00000c74                PWM_1_init
 .text.PWM_2_CLOCK_init
                0x00000ca0       0x1c driver_init.o
                0x00000ca0                PWM_2_CLOCK_init
 .text.PWM_2_init
                0x00000cbc       0x2c driver_init.o
                0x00000cbc                PWM_2_init
 .text.TIMER_3_CLOCK_init
                0x00000ce8       0x1c driver_init.o
                0x00000ce8                TIMER_3_CLOCK_init
 .text.TIMER_3_init
                0x00000d04       0x2c driver_init.o
                0x00000d04                TIMER_3_init
 .text.TIMER_4_CLOCK_init
                0x00000d30       0x1c driver_init.o
                0x00000d30                TIMER_4_CLOCK_init
 .text.TIMER_4_init
                0x00000d4c       0x2c driver_init.o
                0x00000d4c                TIMER_4_init
 .text.TIMER_5_CLOCK_init
                0x00000d78       0x1c driver_init.o
                0x00000d78                TIMER_5_CLOCK_init
 .text.TIMER_5_init
                0x00000d94       0x2c driver_init.o
                0x00000d94                TIMER_5_init
 .text.TIMER_6_CLOCK_init
                0x00000dc0       0x1c driver_init.o
                0x00000dc0                TIMER_6_CLOCK_init
 .text.TIMER_6_init
                0x00000ddc       0x2c driver_init.o
                0x00000ddc                TIMER_6_init
 .text.TIMER_7_CLOCK_init
                0x00000e08       0x1c driver_init.o
                0x00000e08                TIMER_7_CLOCK_init
 .text.TIMER_7_init
                0x00000e24       0x2c driver_init.o
                0x00000e24                TIMER_7_init
 .text.WDT_0_CLOCK_init
                0x00000e50       0x10 driver_init.o
                0x00000e50                WDT_0_CLOCK_init
 .text.WDT_0_init
                0x00000e60       0x3c driver_init.o
                0x00000e60                WDT_0_init
 .text.system_init
                0x00000e9c      0x120 driver_init.o
                0x00000e9c                system_init
 .text.ac_sync_init
                0x00000fbc        0x8 hal/src/hal_ac_sync.o
                0x00000fbc                ac_sync_init
 .text.adc_sync_init
                0x00000fc4        0x8 hal/src/hal_adc_sync.o
                0x00000fc4                adc_sync_init
 .text.dac_sync_init
                0x00000fcc       0x18 hal/src/hal_dac_sync.o
                0x00000fcc                dac_sync_init
 .text.delay_init
                0x00000fe4       0x10 hal/src/hal_delay.o
                0x00000fe4                delay_init
 .text.delay_ms
                0x00000ff4       0x24 hal/src/hal_delay.o
                0x00000ff4                delay_ms
 .text.event_system_init
                0x00001018        0x8 hal/src/hal_evsys.o
                0x00001018                event_system_init
 .text.process_ext_irq
                0x00001020       0x30 hal/src/hal_ext_irq.o
 .text.ext_irq_init
                0x00001050       0x20 hal/src/hal_ext_irq.o
                0x00001050                ext_irq_init
 .text.flash_ready
                0x00001070        0x8 hal/src/hal_flash.o
 .text.flash_error
                0x00001078        0x8 hal/src/hal_flash.o
 .text.flash_init
                0x00001080       0x20 hal/src/hal_flash.o
                0x00001080                flash_init
 .text.pwm_period_expired
                0x000010a0        0x8 hal/src/hal_pwm.o
 .text.pwm_detect_fault
                0x000010a8        0x8 hal/src/hal_pwm.o
 .text.pwm_init
                0x000010b0       0x20 hal/src/hal_pwm.o
                0x000010b0                pwm_init
 .text.timer_add_timer_task
                0x000010d0       0x4c hal/src/hal_timer.o
 .text.timer_process_counted
                0x0000111c       0x6c hal/src/hal_timer.o
 .text.timer_init
                0x00001188       0x1c hal/src/hal_timer.o
                0x00001188                timer_init
 .text.list_insert_as_head
                0x000011a4        0x8 hal/utils/src/utils_list.o
                0x000011a4                list_insert_as_head
 .text.list_insert_after
                0x000011ac        0x8 hal/utils/src/utils_list.o
                0x000011ac                list_insert_after
 .text.list_remove_head
                0x000011b4        0xc hal/utils/src/utils_list.o
                0x000011b4                list_remove_head
 .text.ringbuffer_init
                0x000011c0       0x18 hal/utils/src/utils_ringbuffer.o
                0x000011c0                ringbuffer_init
 .text.ringbuffer_put
                0x000011d8       0x26 hal/utils/src/utils_ringbuffer.o
                0x000011d8                ringbuffer_put
 *fill*         0x000011fe        0x2 
 .text._sbrk    0x00001200       0x1c hal/utils/src/utils_syscalls.o
                0x00001200                _sbrk
 .text.hri_ac_wait_for_sync
                0x0000121c        0x8 hpl/ac/hpl_ac.o
 .text._ac_init
                0x00001224       0x40 hpl/ac/hpl_ac.o
 .text._ac_sync_init
                0x00001264        0xc hpl/ac/hpl_ac.o
                0x00001264                _ac_sync_init
 .text.hri_adc_wait_for_sync
                0x00001270        0x8 hpl/adc/hpl_adc.o
 .text.hri_adc_set_CTRLA_SWRST_bit
                0x00001278       0x18 hpl/adc/hpl_adc.o
 .text._adc_get_regs
                0x00001290       0x14 hpl/adc/hpl_adc.o
 .text._adc_init
                0x000012a4       0x6c hpl/adc/hpl_adc.o
 .text._adc_sync_init
                0x00001310       0x20 hpl/adc/hpl_adc.o
                0x00001310                _adc_sync_init
 .text._irq_set
                0x00001330       0x1c hpl/core/hpl_core_m4.o
                0x00001330                _irq_set
 .text._get_cycles_for_ms
                0x0000134c        0x8 hpl/core/hpl_core_m4.o
                0x0000134c                _get_cycles_for_ms
 .text._init_chip
                0x00001354       0x54 hpl/core/hpl_init.o
                0x00001354                _init_chip
 .text.hri_dac_wait_for_sync
                0x000013a8        0x8 hpl/dac/hpl_dac.o
 .text._dac_init
                0x000013b0       0x40 hpl/dac/hpl_dac.o
 .text._dac_sync_init
                0x000013f0        0xc hpl/dac/hpl_dac.o
                0x000013f0                _dac_sync_init
 .text._dmac_handler
                0x000013fc       0x50 hpl/dmac/hpl_dmac.o
 .text._dma_init
                0x0000144c       0xc8 hpl/dmac/hpl_dmac.o
                0x0000144c                _dma_init
 .text.DMAC_0_Handler
                0x00001514        0x8 hpl/dmac/hpl_dmac.o
                0x00001514                DMAC_0_Handler
 .text.DMAC_1_Handler
                0x0000151c        0x8 hpl/dmac/hpl_dmac.o
                0x0000151c                DMAC_1_Handler
 .text.DMAC_2_Handler
                0x00001524        0x8 hpl/dmac/hpl_dmac.o
                0x00001524                DMAC_2_Handler
 .text.DMAC_3_Handler
                0x0000152c        0x8 hpl/dmac/hpl_dmac.o
                0x0000152c                DMAC_3_Handler
 .text.DMAC_4_Handler
                0x00001534        0x8 hpl/dmac/hpl_dmac.o
                0x00001534                DMAC_4_Handler
 .text._ext_irq_init
                0x0000153c       0x6c hpl/eic/hpl_eic.o
                0x0000153c                _ext_irq_init
 .text._event_system_init
                0x000015a8       0x58 hpl/evsys/hpl_evsys.o
                0x000015a8                _event_system_init
 .text._gclk_init_generators_by_fref
                0x00001600       0x90 hpl/gclk/hpl_gclk.o
                0x00001600                _gclk_init_generators_by_fref
 .text._mclk_init
                0x00001690        0xc hpl/mclk/hpl_mclk.o
                0x00001690                _mclk_init
 .text._flash_init
                0x0000169c       0x4c hpl/nvmctrl/hpl_nvmctrl.o
                0x0000169c                _flash_init
 .text.NVMCTRL_1_Handler
                0x000016e8       0x2c hpl/nvmctrl/hpl_nvmctrl.o
                0x000016e8                NVMCTRL_1_Handler
 .text.NVMCTRL_0_Handler
                0x00001714        0x8 hpl/nvmctrl/hpl_nvmctrl.o
                0x00001714                NVMCTRL_0_Handler
 .text._osc32kctrl_init_sources
                0x0000171c       0x24 hpl/osc32kctrl/hpl_osc32kctrl.o
                0x0000171c                _osc32kctrl_init_sources
 .text._oscctrl_init_referenced_generators
                0x00001740       0xa0 hpl/oscctrl/hpl_oscctrl.o
                0x00001740                _oscctrl_init_referenced_generators
 .text.RAMECC_Handler
                0x000017e0       0x3c hpl/ramecc/hpl_ramecc.o
                0x000017e0                RAMECC_Handler
 .text.__NVIC_EnableIRQ
                0x0000181c       0x1c hpl/sercom/hpl_sercom.o
 .text.__NVIC_DisableIRQ
                0x00001838       0x28 hpl/sercom/hpl_sercom.o
 .text.__NVIC_ClearPendingIRQ
                0x00001860       0x20 hpl/sercom/hpl_sercom.o
 .text.hri_sercomusart_wait_for_sync
                0x00001880        0x8 hpl/sercom/hpl_sercom.o
 .text.hri_sercomusart_get_CTRLA_ENABLE_bit
                0x00001888       0x14 hpl/sercom/hpl_sercom.o
 .text._sercom_get_hardware_index
                0x0000189c       0x34 hpl/sercom/hpl_sercom.o
 .text._usart_init
                0x000018d0       0xa8 hpl/sercom/hpl_sercom.o
 .text._sercom_get_irq_num
                0x00001978       0x14 hpl/sercom/hpl_sercom.o
 .text._usart_async_init
                0x0000198c       0x48 hpl/sercom/hpl_sercom.o
                0x0000198c                _usart_async_init
 .text._usart_async_enable
                0x000019d4       0x1c hpl/sercom/hpl_sercom.o
                0x000019d4                _usart_async_enable
 .text._usart_async_write_byte
                0x000019f0        0x6 hpl/sercom/hpl_sercom.o
                0x000019f0                _usart_async_write_byte
 .text._usart_async_read_byte
                0x000019f6        0x8 hpl/sercom/hpl_sercom.o
                0x000019f6                _usart_async_read_byte
 .text._usart_async_is_byte_sent
                0x000019fe        0xa hpl/sercom/hpl_sercom.o
                0x000019fe                _usart_async_is_byte_sent
 .text._usart_async_is_byte_received
                0x00001a08        0xa hpl/sercom/hpl_sercom.o
                0x00001a08                _usart_async_is_byte_received
 .text._usart_async_set_irq_state
                0x00001a12       0x32 hpl/sercom/hpl_sercom.o
                0x00001a12                _usart_async_set_irq_state
 .text._delay_init
                0x00001a44       0x14 hpl/systick/hpl_systick.o
                0x00001a44                _delay_init
 .text._delay_cycles
                0x00001a58       0x38 hpl/systick/hpl_systick.o
                0x00001a58                _delay_cycles
 .text.__NVIC_DisableIRQ
                0x00001a90       0x28 hpl/tcc/hpl_tcc.o
 .text._tcc_timer_set_period
                0x00001ab8        0x6 hpl/tcc/hpl_tcc.o
                0x00001ab8                _tcc_timer_set_period
 .text._tcc_timer_get_period
                0x00001abe        0x6 hpl/tcc/hpl_tcc.o
                0x00001abe                _tcc_timer_get_period
 .text.tcc_interrupt_handler
                0x00001ac4       0x12 hpl/tcc/hpl_tcc.o
 *fill*         0x00001ad6        0x2 
 .text._get_hardware_offset
                0x00001ad8       0x34 hpl/tcc/hpl_tcc.o
 .text._tcc_timer_start
                0x00001b0c       0x12 hpl/tcc/hpl_tcc.o
                0x00001b0c                _tcc_timer_start
 *fill*         0x00001b1e        0x2 
 .text._tcc_timer_init
                0x00001b20      0x104 hpl/tcc/hpl_tcc.o
                0x00001b20                _tcc_timer_init
 .text._tcc_timer_stop
                0x00001c24       0x12 hpl/tcc/hpl_tcc.o
                0x00001c24                _tcc_timer_stop
 .text._tcc_timer_is_started
                0x00001c36       0x10 hpl/tcc/hpl_tcc.o
                0x00001c36                _tcc_timer_is_started
 *fill*         0x00001c46        0x2 
 .text._tcc_timer_set_irq
                0x00001c48       0x2c hpl/tcc/hpl_tcc.o
                0x00001c48                _tcc_timer_set_irq
 .text._tcc_timer_deinit
                0x00001c74       0x48 hpl/tcc/hpl_tcc.o
                0x00001c74                _tcc_timer_deinit
 .text._tcc_get_timer
                0x00001cbc        0x8 hpl/tcc/hpl_tcc.o
                0x00001cbc                _tcc_get_timer
 .text.TCC0_0_Handler
                0x00001cc4       0x10 hpl/tcc/hpl_tcc.o
                0x00001cc4                TCC0_0_Handler
 .text.TCC1_0_Handler
                0x00001cd4       0x10 hpl/tcc/hpl_tcc.o
                0x00001cd4                TCC1_0_Handler
 .text.TCC2_0_Handler
                0x00001ce4       0x10 hpl/tcc/hpl_tcc.o
                0x00001ce4                TCC2_0_Handler
 .text.TCC3_0_Handler
                0x00001cf4       0x10 hpl/tcc/hpl_tcc.o
                0x00001cf4                TCC3_0_Handler
 .text.TCC4_0_Handler
                0x00001d04       0x10 hpl/tcc/hpl_tcc.o
                0x00001d04                TCC4_0_Handler
 .text.__NVIC_DisableIRQ
                0x00001d14       0x28 hpl/tc/hpl_tc.o
 .text.hri_tc_wait_for_sync
                0x00001d3c        0x8 hpl/tc/hpl_tc.o
 .text.hri_tc_set_CTRLA_SWRST_bit
                0x00001d44       0x18 hpl/tc/hpl_tc.o
 .text.hri_tc_get_CTRLA_ENABLE_bit
                0x00001d5c       0x14 hpl/tc/hpl_tc.o
 .text.hri_tc_clear_CTRLA_ENABLE_bit
                0x00001d70       0x18 hpl/tc/hpl_tc.o
 .text._tc_timer_start
                0x00001d88       0x1c hpl/tc/hpl_tc.o
                0x00001d88                _tc_timer_start
 .text._tc_timer_stop
                0x00001da4        0xc hpl/tc/hpl_tc.o
                0x00001da4                _tc_timer_stop
 .text._tc_timer_set_period
                0x00001db0       0x2e hpl/tc/hpl_tc.o
                0x00001db0                _tc_timer_set_period
 .text._tc_timer_get_period
                0x00001dde       0x30 hpl/tc/hpl_tc.o
                0x00001dde                _tc_timer_get_period
 *fill*         0x00001e0e        0x2 
 .text._tc_timer_is_started
                0x00001e10        0xc hpl/tc/hpl_tc.o
                0x00001e10                _tc_timer_is_started
 .text.tc_interrupt_handler
                0x00001e1c       0x12 hpl/tc/hpl_tc.o
 .text.tc_pwm_interrupt_handler
                0x00001e2e       0x2e hpl/tc/hpl_tc.o
 .text._tc_init_irq_param
                0x00001e5c       0x64 hpl/tc/hpl_tc.o
 .text.get_tc_index
                0x00001ec0       0x58 hpl/tc/hpl_tc.o
 .text._tc_timer_init
                0x00001f18       0xdc hpl/tc/hpl_tc.o
                0x00001f18                _tc_timer_init
 .text._tc_timer_deinit
                0x00001ff4       0x40 hpl/tc/hpl_tc.o
                0x00001ff4                _tc_timer_deinit
 .text._tc_timer_set_irq
                0x00002034       0x28 hpl/tc/hpl_tc.o
                0x00002034                _tc_timer_set_irq
 .text._pwm_init
                0x0000205c       0xc4 hpl/tc/hpl_tc.o
                0x0000205c                _pwm_init
 .text._tc_get_timer
                0x00002120        0x8 hpl/tc/hpl_tc.o
                0x00002120                _tc_get_timer
 .text._tc_get_pwm
                0x00002128        0x4 hpl/tc/hpl_tc.o
                0x00002128                _tc_get_pwm
 .text.TC0_Handler
                0x0000212c       0x10 hpl/tc/hpl_tc.o
                0x0000212c                TC0_Handler
 .text.TC1_Handler
                0x0000213c       0x10 hpl/tc/hpl_tc.o
                0x0000213c                TC1_Handler
 .text.TC2_Handler
                0x0000214c       0x10 hpl/tc/hpl_tc.o
                0x0000214c                TC2_Handler
 .text.TC3_Handler
                0x0000215c       0x10 hpl/tc/hpl_tc.o
                0x0000215c                TC3_Handler
 .text.TC4_Handler
                0x0000216c       0x10 hpl/tc/hpl_tc.o
                0x0000216c                TC4_Handler
 .text.TC5_Handler
                0x0000217c       0x10 hpl/tc/hpl_tc.o
                0x0000217c                TC5_Handler
 .text._wdt_init
                0x0000218c       0x3e hpl/wdt/hpl_wdt.o
                0x0000218c                _wdt_init
 .text._wdt_set_timeout_period
                0x000021ca       0xc4 hpl/wdt/hpl_wdt.o
                0x000021ca                _wdt_set_timeout_period
 .text._wdt_enable
                0x0000228e       0x14 hpl/wdt/hpl_wdt.o
                0x0000228e                _wdt_enable
 .text._wdt_feed
                0x000022a2        0xa hpl/wdt/hpl_wdt.o
                0x000022a2                _wdt_feed
 .text.startup.main
                0x000022ac       0xf4 main.o
                0x000022ac                main
 .text.vListInitialise
                0x000023a0       0x16 thirdparty/RTOS/freertos/FreeRTOSV10.0.0/Source/list.o
                0x000023a0                vListInitialise
 .text.vListInitialiseItem
                0x000023b6        0x6 thirdparty/RTOS/freertos/FreeRTOSV10.0.0/Source/list.o
                0x000023b6                vListInitialiseItem
 .text.vListInsertEnd
                0x000023bc       0x18 thirdparty/RTOS/freertos/FreeRTOSV10.0.0/Source/list.o
                0x000023bc                vListInsertEnd
 .text.vListInsert
                0x000023d4       0x2e thirdparty/RTOS/freertos/FreeRTOSV10.0.0/Source/list.o
                0x000023d4                vListInsert
 .text.uxListRemove
                0x00002402       0x22 thirdparty/RTOS/freertos/FreeRTOSV10.0.0/Source/list.o
                0x00002402                uxListRemove
 .text.prvTaskExitError
                0x00002424       0x40 thirdparty/RTOS/freertos/FreeRTOSV10.0.0/Source/portable/GCC/ARM_CM4F/port.o
 .text.unlikely.prvPortStartFirstTask
                0x00002464       0x28 thirdparty/RTOS/freertos/FreeRTOSV10.0.0/Source/portable/GCC/ARM_CM4F/port.o
 .text.unlikely.vPortEnableVFP
                0x0000248c       0x14 thirdparty/RTOS/freertos/FreeRTOSV10.0.0/Source/portable/GCC/ARM_CM4F/port.o
 .text.pxPortInitialiseStack
                0x000024a0       0x2c thirdparty/RTOS/freertos/FreeRTOSV10.0.0/Source/portable/GCC/ARM_CM4F/port.o
                0x000024a0                pxPortInitialiseStack
 *fill*         0x000024cc        0x4 
 .text.SVC_Handler
                0x000024d0       0x24 thirdparty/RTOS/freertos/FreeRTOSV10.0.0/Source/portable/GCC/ARM_CM4F/port.o
                0x000024d0                SVC_Handler
 .text.vPortEnterCritical
                0x000024f4       0x44 thirdparty/RTOS/freertos/FreeRTOSV10.0.0/Source/portable/GCC/ARM_CM4F/port.o
                0x000024f4                vPortEnterCritical
 .text.vPortExitCritical
                0x00002538       0x28 thirdparty/RTOS/freertos/FreeRTOSV10.0.0/Source/portable/GCC/ARM_CM4F/port.o
                0x00002538                vPortExitCritical
 .text.PendSV_Handler
                0x00002560       0x64 thirdparty/RTOS/freertos/FreeRTOSV10.0.0/Source/portable/GCC/ARM_CM4F/port.o
                0x00002560                PendSV_Handler
 .text.SysTick_Handler
                0x000025c4       0x30 thirdparty/RTOS/freertos/FreeRTOSV10.0.0/Source/portable/GCC/ARM_CM4F/port.o
                0x000025c4                SysTick_Handler
 .text.vPortSetupTimerInterrupt
                0x000025f4       0x24 thirdparty/RTOS/freertos/FreeRTOSV10.0.0/Source/portable/GCC/ARM_CM4F/port.o
                0x000025f4                vPortSetupTimerInterrupt
 .text.xPortStartScheduler
                0x00002618      0x118 thirdparty/RTOS/freertos/FreeRTOSV10.0.0/Source/portable/GCC/ARM_CM4F/port.o
                0x00002618                xPortStartScheduler
 .text.vPortValidateInterruptPriority
                0x00002730       0x54 thirdparty/RTOS/freertos/FreeRTOSV10.0.0/Source/portable/GCC/ARM_CM4F/port.o
                0x00002730                vPortValidateInterruptPriority
 .text.pvPortMalloc
                0x00002784       0x5c thirdparty/RTOS/freertos/FreeRTOSV10.0.0/Source/portable/MemMang/heap_1.o
                0x00002784                pvPortMalloc
 .text.vPortFree
                0x000027e0       0x16 thirdparty/RTOS/freertos/FreeRTOSV10.0.0/Source/portable/MemMang/heap_1.o
                0x000027e0                vPortFree
 *fill*         0x000027f6        0x2 
 .text.prvIsQueueEmpty
                0x000027f8       0x20 thirdparty/RTOS/freertos/FreeRTOSV10.0.0/Source/queue.o
 .text.unlikely.prvCopyDataToQueue
                0x00002818       0x6c thirdparty/RTOS/freertos/FreeRTOSV10.0.0/Source/queue.o
 .text.unlikely.prvCopyDataFromQueue
                0x00002884       0x30 thirdparty/RTOS/freertos/FreeRTOSV10.0.0/Source/queue.o
 .text.xQueueGenericReset.part.1
                0x000028b4       0x12 thirdparty/RTOS/freertos/FreeRTOSV10.0.0/Source/queue.o
 *fill*         0x000028c6        0x2 
 .text.prvNotifyQueueSetContainer
                0x000028c8       0x74 thirdparty/RTOS/freertos/FreeRTOSV10.0.0/Source/queue.o
 .text.prvUnlockQueue
                0x0000293c       0x98 thirdparty/RTOS/freertos/FreeRTOSV10.0.0/Source/queue.o
 .text.xQueueGenericReset
                0x000029d4       0x84 thirdparty/RTOS/freertos/FreeRTOSV10.0.0/Source/queue.o
                0x000029d4                xQueueGenericReset
 .text.xQueueGenericCreate
                0x00002a58       0x54 thirdparty/RTOS/freertos/FreeRTOSV10.0.0/Source/queue.o
                0x00002a58                xQueueGenericCreate
 .text.xQueueGenericSend
                0x00002aac      0x1ac thirdparty/RTOS/freertos/FreeRTOSV10.0.0/Source/queue.o
                0x00002aac                xQueueGenericSend
 .text.xQueueGenericSendFromISR
                0x00002c58       0xe4 thirdparty/RTOS/freertos/FreeRTOSV10.0.0/Source/queue.o
                0x00002c58                xQueueGenericSendFromISR
 .text.xQueueReceive
                0x00002d3c      0x16c thirdparty/RTOS/freertos/FreeRTOSV10.0.0/Source/queue.o
                0x00002d3c                xQueueReceive
 .text.vQueueWaitForMessageRestricted
                0x00002ea8       0x58 thirdparty/RTOS/freertos/FreeRTOSV10.0.0/Source/queue.o
                0x00002ea8                vQueueWaitForMessageRestricted
 .text.prvIdleTask
                0x00002f00       0x24 thirdparty/RTOS/freertos/FreeRTOSV10.0.0/Source/tasks.o
 .text.prvResetNextTaskUnblockTime
                0x00002f24       0x20 thirdparty/RTOS/freertos/FreeRTOSV10.0.0/Source/tasks.o
 .text.prvAddCurrentTaskToDelayedList
                0x00002f44       0x6c thirdparty/RTOS/freertos/FreeRTOSV10.0.0/Source/tasks.o
 .text.xTaskCreate
                0x00002fb0      0x1a0 thirdparty/RTOS/freertos/FreeRTOSV10.0.0/Source/tasks.o
                0x00002fb0                xTaskCreate
 .text.vTaskStartScheduler
                0x00003150       0x80 thirdparty/RTOS/freertos/FreeRTOSV10.0.0/Source/tasks.o
                0x00003150                vTaskStartScheduler
 .text.vTaskSuspendAll
                0x000031d0       0x14 thirdparty/RTOS/freertos/FreeRTOSV10.0.0/Source/tasks.o
                0x000031d0                vTaskSuspendAll
 .text.xTaskGetTickCount
                0x000031e4        0xc thirdparty/RTOS/freertos/FreeRTOSV10.0.0/Source/tasks.o
                0x000031e4                xTaskGetTickCount
 .text.xTaskIncrementTick
                0x000031f0       0xec thirdparty/RTOS/freertos/FreeRTOSV10.0.0/Source/tasks.o
                0x000031f0                xTaskIncrementTick
 .text.xTaskResumeAll
                0x000032dc       0xec thirdparty/RTOS/freertos/FreeRTOSV10.0.0/Source/tasks.o
                0x000032dc                xTaskResumeAll
 .text.vTaskDelayUntil
                0x000033c8       0xa0 thirdparty/RTOS/freertos/FreeRTOSV10.0.0/Source/tasks.o
                0x000033c8                vTaskDelayUntil
 .text.vTaskDelay
                0x00003468       0x58 thirdparty/RTOS/freertos/FreeRTOSV10.0.0/Source/tasks.o
                0x00003468                vTaskDelay
 .text.vTaskSwitchContext
                0x000034c0       0x84 thirdparty/RTOS/freertos/FreeRTOSV10.0.0/Source/tasks.o
                0x000034c0                vTaskSwitchContext
 .text.vTaskPlaceOnEventList
                0x00003544       0x3c thirdparty/RTOS/freertos/FreeRTOSV10.0.0/Source/tasks.o
                0x00003544                vTaskPlaceOnEventList
 .text.vTaskPlaceOnEventListRestricted
                0x00003580       0x44 thirdparty/RTOS/freertos/FreeRTOSV10.0.0/Source/tasks.o
                0x00003580                vTaskPlaceOnEventListRestricted
 .text.xTaskRemoveFromEventList
                0x000035c4       0x84 thirdparty/RTOS/freertos/FreeRTOSV10.0.0/Source/tasks.o
                0x000035c4                xTaskRemoveFromEventList
 .text.vTaskInternalSetTimeOutState
                0x00003648       0x14 thirdparty/RTOS/freertos/FreeRTOSV10.0.0/Source/tasks.o
                0x00003648                vTaskInternalSetTimeOutState
 .text.xTaskCheckForTimeOut
                0x0000365c       0x80 thirdparty/RTOS/freertos/FreeRTOSV10.0.0/Source/tasks.o
                0x0000365c                xTaskCheckForTimeOut
 .text.vTaskMissedYield
                0x000036dc       0x10 thirdparty/RTOS/freertos/FreeRTOSV10.0.0/Source/tasks.o
                0x000036dc                vTaskMissedYield
 .text.xTaskGetSchedulerState
                0x000036ec       0x20 thirdparty/RTOS/freertos/FreeRTOSV10.0.0/Source/tasks.o
                0x000036ec                xTaskGetSchedulerState
 .text.xTaskPriorityDisinherit
                0x0000370c       0x84 thirdparty/RTOS/freertos/FreeRTOSV10.0.0/Source/tasks.o
                0x0000370c                xTaskPriorityDisinherit
 .text.prvCheckForValidListAndQueue
                0x00003790       0x4c thirdparty/RTOS/freertos/FreeRTOSV10.0.0/Source/timers.o
 .text.prvInsertTimerInActiveList
                0x000037dc       0x3c thirdparty/RTOS/freertos/FreeRTOSV10.0.0/Source/timers.o
 .text.xTimerCreateTimerTask
                0x00003818       0x50 thirdparty/RTOS/freertos/FreeRTOSV10.0.0/Source/timers.o
                0x00003818                xTimerCreateTimerTask
 .text.xTimerGenericCommand
                0x00003868       0x64 thirdparty/RTOS/freertos/FreeRTOSV10.0.0/Source/timers.o
                0x00003868                xTimerGenericCommand
 .text.prvSwitchTimerLists
                0x000038cc       0x80 thirdparty/RTOS/freertos/FreeRTOSV10.0.0/Source/timers.o
 .text.prvTimerTask
                0x0000394c      0x1c8 thirdparty/RTOS/freertos/FreeRTOSV10.0.0/Source/timers.o
 .text.__libc_init_array
                0x00003b14       0x48 e:/softwares/atmelstudio/7.0/toolchain/arm/arm-gnu-toolchain/bin/../lib/gcc/arm-none-eabi/6.3.1/../../../../arm-none-eabi/lib/thumb/v7e-m\libc_nano.a(lib_a-init.o)
                0x00003b14                __libc_init_array
 .text.memcpy   0x00003b5c       0x16 e:/softwares/atmelstudio/7.0/toolchain/arm/arm-gnu-toolchain/bin/../lib/gcc/arm-none-eabi/6.3.1/../../../../arm-none-eabi/lib/thumb/v7e-m\libc_nano.a(lib_a-memcpy-stub.o)
                0x00003b5c                memcpy
 .text.memmove  0x00003b72       0x34 e:/softwares/atmelstudio/7.0/toolchain/arm/arm-gnu-toolchain/bin/../lib/gcc/arm-none-eabi/6.3.1/../../../../arm-none-eabi/lib/thumb/v7e-m\libc_nano.a(lib_a-memmove.o)
                0x00003b72                memmove
 .text.memset   0x00003ba6       0x10 e:/softwares/atmelstudio/7.0/toolchain/arm/arm-gnu-toolchain/bin/../lib/gcc/arm-none-eabi/6.3.1/../../../../arm-none-eabi/lib/thumb/v7e-m\libc_nano.a(lib_a-memset.o)
                0x00003ba6                memset
 *fill*         0x00003bb6        0x2 
 .text._free_r  0x00003bb8       0x9c e:/softwares/atmelstudio/7.0/toolchain/arm/arm-gnu-toolchain/bin/../lib/gcc/arm-none-eabi/6.3.1/../../../../arm-none-eabi/lib/thumb/v7e-m\libc_nano.a(lib_a-nano-freer.o)
                0x00003bb8                _free_r
 .text._malloc_r
                0x00003c54       0xbc e:/softwares/atmelstudio/7.0/toolchain/arm/arm-gnu-toolchain/bin/../lib/gcc/arm-none-eabi/6.3.1/../../../../arm-none-eabi/lib/thumb/v7e-m\libc_nano.a(lib_a-nano-mallocr.o)
                0x00003c54                _malloc_r
 .text._sbrk_r  0x00003d10       0x20 e:/softwares/atmelstudio/7.0/toolchain/arm/arm-gnu-toolchain/bin/../lib/gcc/arm-none-eabi/6.3.1/../../../../arm-none-eabi/lib/thumb/v7e-m\libc_nano.a(lib_a-sbrkr.o)
                0x00003d10                _sbrk_r
 .text.sprintf  0x00003d30       0x48 e:/softwares/atmelstudio/7.0/toolchain/arm/arm-gnu-toolchain/bin/../lib/gcc/arm-none-eabi/6.3.1/../../../../arm-none-eabi/lib/thumb/v7e-m\libc_nano.a(lib_a-sprintf.o)
                0x00003d30                siprintf
                0x00003d30                sprintf
 .text.strcpy   0x00003d78       0x10 e:/softwares/atmelstudio/7.0/toolchain/arm/arm-gnu-toolchain/bin/../lib/gcc/arm-none-eabi/6.3.1/../../../../arm-none-eabi/lib/thumb/v7e-m\libc_nano.a(lib_a-strcpy.o)
                0x00003d78                strcpy
 .text          0x00003d88       0x10 e:/softwares/atmelstudio/7.0/toolchain/arm/arm-gnu-toolchain/bin/../lib/gcc/arm-none-eabi/6.3.1/../../../../arm-none-eabi/lib/thumb/v7e-m\libc_nano.a(lib_a-strlen.o)
                0x00003d88                strlen
 .text.__malloc_lock
                0x00003d98        0x2 e:/softwares/atmelstudio/7.0/toolchain/arm/arm-gnu-toolchain/bin/../lib/gcc/arm-none-eabi/6.3.1/../../../../arm-none-eabi/lib/thumb/v7e-m\libc_nano.a(lib_a-mlock.o)
                0x00003d98                __malloc_lock
 .text.__malloc_unlock
                0x00003d9a        0x2 e:/softwares/atmelstudio/7.0/toolchain/arm/arm-gnu-toolchain/bin/../lib/gcc/arm-none-eabi/6.3.1/../../../../arm-none-eabi/lib/thumb/v7e-m\libc_nano.a(lib_a-mlock.o)
                0x00003d9a                __malloc_unlock
 .text.__ssputs_r
                0x00003d9c       0xb6 e:/softwares/atmelstudio/7.0/toolchain/arm/arm-gnu-toolchain/bin/../lib/gcc/arm-none-eabi/6.3.1/../../../../arm-none-eabi/lib/thumb/v7e-m\libc_nano.a(lib_a-nano-svfprintf.o)
                0x00003d9c                __ssputs_r
 *fill*         0x00003e52        0x2 
 .text._svfprintf_r
                0x00003e54      0x1e8 e:/softwares/atmelstudio/7.0/toolchain/arm/arm-gnu-toolchain/bin/../lib/gcc/arm-none-eabi/6.3.1/../../../../arm-none-eabi/lib/thumb/v7e-m\libc_nano.a(lib_a-nano-svfprintf.o)
                0x00003e54                _svfiprintf_r
                0x00003e54                _svfprintf_r
 .text._printf_common
                0x0000403c       0xec e:/softwares/atmelstudio/7.0/toolchain/arm/arm-gnu-toolchain/bin/../lib/gcc/arm-none-eabi/6.3.1/../../../../arm-none-eabi/lib/thumb/v7e-m\libc_nano.a(lib_a-nano-vfprintf_i.o)
                0x0000403c                _printf_common
 .text._printf_i
                0x00004128      0x240 e:/softwares/atmelstudio/7.0/toolchain/arm/arm-gnu-toolchain/bin/../lib/gcc/arm-none-eabi/6.3.1/../../../../arm-none-eabi/lib/thumb/v7e-m\libc_nano.a(lib_a-nano-vfprintf_i.o)
                0x00004128                _printf_i
 *fill*         0x00004368        0x8 
 .text          0x00004370       0xa0 e:/softwares/atmelstudio/7.0/toolchain/arm/arm-gnu-toolchain/bin/../lib/gcc/arm-none-eabi/6.3.1/../../../../arm-none-eabi/lib/thumb/v7e-m\libc_nano.a(lib_a-memchr.o)
                0x00004370                memchr
 .text._realloc_r
                0x00004410       0x4c e:/softwares/atmelstudio/7.0/toolchain/arm/arm-gnu-toolchain/bin/../lib/gcc/arm-none-eabi/6.3.1/../../../../arm-none-eabi/lib/thumb/v7e-m\libc_nano.a(lib_a-nano-reallocr.o)
                0x00004410                _realloc_r
 .text._malloc_usable_size_r
                0x0000445c       0x12 e:/softwares/atmelstudio/7.0/toolchain/arm/arm-gnu-toolchain/bin/../lib/gcc/arm-none-eabi/6.3.1/../../../../arm-none-eabi/lib/thumb/v7e-m\libc_nano.a(lib_a-nano-msizer.o)
                0x0000445c                _malloc_usable_size_r
 *(.glue_7t)
 .glue_7t       0x0000446e        0x0 linker stubs
 *(.glue_7)
 .glue_7        0x0000446e        0x0 linker stubs
 *(.rodata .rodata* .gnu.linkonce.r.*)
 .rodata.str1.1
                0x0000446e       0x9b Apps/Common/FreeRtosHooks.o
                                 0x9e (size before relaxing)
 .rodata.str1.1
                0x00004509       0x23 Apps/Tasks/DispatchTask/source/DispatchTask.o
 .rodata.str1.1
                0x0000452c       0x4f Apps/Tasks/ModemTask/source/ModemController.o
 .rodata.str1.1
                0x0000457b       0x28 Apps/Tasks/ModemTask/source/ModemProcessTask.o
 .rodata.str1.1
                0x000045a3       0x23 Apps/Tasks/ModemTask/source/ModemRxTask.o
 .rodata.str1.1
                0x000045c6       0x23 Apps/Tasks/ModemTask/source/ModemTxTask.o
 .rodata.str1.1
                0x000045e9       0x27 Apps/SerialDebug/SerialDebug.o
                                 0x2a (size before relaxing)
 .rodata.str1.1
                0x00004610       0x65 atmel_start.o
 .rodata.str1.1
                0x00004675       0x29 driver_init.o
 .rodata        0x0000469e       0x2c hpl/adc/hpl_adc.o
 *fill*         0x000046ca        0x2 
 .rodata        0x000046cc      0x100 hpl/dmac/hpl_dmac.o
 .rodata        0x000047cc      0x104 hpl/evsys/hpl_evsys.o
 .rodata        0x000048d0       0x78 hpl/sercom/hpl_sercom.o
 .rodata        0x00004948       0xcd hpl/tcc/hpl_tcc.o
 *fill*         0x00004a15        0x3 
 .rodata        0x00004a18       0x18 hpl/tc/hpl_tc.o
 .rodata.str1.1
                0x00004a30       0x82 main.o
 .rodata.str1.1
                0x00004ab2       0x14 thirdparty/RTOS/freertos/FreeRTOSV10.0.0/Source/tasks.o
 .rodata.str1.1
                0x00004ac6        0x8 thirdparty/RTOS/freertos/FreeRTOSV10.0.0/Source/timers.o
 *fill*         0x00004ace        0x2 
 .rodata.__sf_fake_stderr
                0x00004ad0       0x20 e:/softwares/atmelstudio/7.0/toolchain/arm/arm-gnu-toolchain/bin/../lib/gcc/arm-none-eabi/6.3.1/../../../../arm-none-eabi/lib/thumb/v7e-m\libc_nano.a(lib_a-findfp.o)
                0x00004ad0                __sf_fake_stderr
 .rodata.__sf_fake_stdin
                0x00004af0       0x20 e:/softwares/atmelstudio/7.0/toolchain/arm/arm-gnu-toolchain/bin/../lib/gcc/arm-none-eabi/6.3.1/../../../../arm-none-eabi/lib/thumb/v7e-m\libc_nano.a(lib_a-findfp.o)
                0x00004af0                __sf_fake_stdin
 .rodata.__sf_fake_stdout
                0x00004b10       0x20 e:/softwares/atmelstudio/7.0/toolchain/arm/arm-gnu-toolchain/bin/../lib/gcc/arm-none-eabi/6.3.1/../../../../arm-none-eabi/lib/thumb/v7e-m\libc_nano.a(lib_a-findfp.o)
                0x00004b10                __sf_fake_stdout
 .rodata._svfprintf_r.str1.1
                0x00004b30       0x11 e:/softwares/atmelstudio/7.0/toolchain/arm/arm-gnu-toolchain/bin/../lib/gcc/arm-none-eabi/6.3.1/../../../../arm-none-eabi/lib/thumb/v7e-m\libc_nano.a(lib_a-nano-svfprintf.o)
 .rodata._printf_i.str1.1
                0x00004b41       0x22 e:/softwares/atmelstudio/7.0/toolchain/arm/arm-gnu-toolchain/bin/../lib/gcc/arm-none-eabi/6.3.1/../../../../arm-none-eabi/lib/thumb/v7e-m\libc_nano.a(lib_a-nano-vfprintf_i.o)
 *(.ARM.extab* .gnu.linkonce.armextab.*)
                0x00004b64                . = ALIGN (0x4)
 *fill*         0x00004b63        0x1 
 *(.init)
 .init          0x00004b64        0x4 e:/softwares/atmelstudio/7.0/toolchain/arm/arm-gnu-toolchain/bin/../lib/gcc/arm-none-eabi/6.3.1/thumb/v7e-m/crti.o
                0x00004b64                _init
 .init          0x00004b68        0x8 e:/softwares/atmelstudio/7.0/toolchain/arm/arm-gnu-toolchain/bin/../lib/gcc/arm-none-eabi/6.3.1/thumb/v7e-m/crtn.o
                0x00004b70                . = ALIGN (0x4)
                0x00004b70                __preinit_array_start = .
 *(.preinit_array)
                0x00004b70                __preinit_array_end = .
                0x00004b70                . = ALIGN (0x4)
                0x00004b70                __init_array_start = .
 *(SORT(.init_array.*))
 *(.init_array)
 .init_array    0x00004b70        0x4 e:/softwares/atmelstudio/7.0/toolchain/arm/arm-gnu-toolchain/bin/../lib/gcc/arm-none-eabi/6.3.1/thumb/v7e-m/crtbegin.o
                0x00004b74                __init_array_end = .
                0x00004b74                . = ALIGN (0x4)
 *crtbegin.o(.ctors)
 *(EXCLUDE_FILE(*crtend.o) .ctors)
 *(SORT(.ctors.*))
 *crtend.o(.ctors)
                0x00004b74                . = ALIGN (0x4)
 *(.fini)
 .fini          0x00004b74        0x4 e:/softwares/atmelstudio/7.0/toolchain/arm/arm-gnu-toolchain/bin/../lib/gcc/arm-none-eabi/6.3.1/thumb/v7e-m/crti.o
                0x00004b74                _fini
 .fini          0x00004b78        0x8 e:/softwares/atmelstudio/7.0/toolchain/arm/arm-gnu-toolchain/bin/../lib/gcc/arm-none-eabi/6.3.1/thumb/v7e-m/crtn.o
                0x00004b80                . = ALIGN (0x4)
                0x00004b80                __fini_array_start = .
 *(.fini_array)
 .fini_array    0x00004b80        0x4 e:/softwares/atmelstudio/7.0/toolchain/arm/arm-gnu-toolchain/bin/../lib/gcc/arm-none-eabi/6.3.1/thumb/v7e-m/crtbegin.o
 *(SORT(.fini_array.*))
                0x00004b84                __fini_array_end = .
 *crtbegin.o(.dtors)
 *(EXCLUDE_FILE(*crtend.o) .dtors)
 *(SORT(.dtors.*))
 *crtend.o(.dtors)
                0x00004b84                . = ALIGN (0x4)
                0x00004b84                _efixed = .
                [!provide]                PROVIDE (__exidx_start, .)

.vfp11_veneer   0x00004b84        0x0
 .vfp11_veneer  0x00004b84        0x0 linker stubs

.v4_bx          0x00004b84        0x0
 .v4_bx         0x00004b84        0x0 linker stubs

.iplt           0x00004b84        0x0
 .iplt          0x00004b84        0x0 e:/softwares/atmelstudio/7.0/toolchain/arm/arm-gnu-toolchain/bin/../lib/gcc/arm-none-eabi/6.3.1/thumb/v7e-m/crtbegin.o

.eh_frame       0x00004b84        0x0
 .eh_frame      0x00004b84        0x0 e:/softwares/atmelstudio/7.0/toolchain/arm/arm-gnu-toolchain/bin/../lib/gcc/arm-none-eabi/6.3.1/thumb/v7e-m/crtbegin.o

.rel.dyn        0x00004b84        0x0
 .rel.iplt      0x00004b84        0x0 e:/softwares/atmelstudio/7.0/toolchain/arm/arm-gnu-toolchain/bin/../lib/gcc/arm-none-eabi/6.3.1/thumb/v7e-m/crtbegin.o

.jcr            0x00004b84        0x0
 .jcr           0x00004b84        0x0 e:/softwares/atmelstudio/7.0/toolchain/arm/arm-gnu-toolchain/bin/../lib/gcc/arm-none-eabi/6.3.1/thumb/v7e-m/crtbegin.o

.igot.plt       0x00004b84        0x0
 .igot.plt      0x00004b84        0x0 e:/softwares/atmelstudio/7.0/toolchain/arm/arm-gnu-toolchain/bin/../lib/gcc/arm-none-eabi/6.3.1/thumb/v7e-m/crtbegin.o

.ARM.exidx
 *(.ARM.exidx* .gnu.linkonce.armexidx.*)
                [!provide]                PROVIDE (__exidx_end, .)
                0x00004b84                . = ALIGN (0x4)
                0x00004b84                _etext = .

.relocate       0x20000000      0x164 load address 0x00004b84
                0x20000000                . = ALIGN (0x4)
                0x20000000                _srelocate = .
 *(.ramfunc .ramfunc.*)
 *(.data .data.*)
 .data          0x20000000       0x1c Apps/Tasks/ModemTask/source/ModemController.o
                0x20000000                MODEM_DATA
 .data          0x2000001c       0x1c Apps/SerialDebug/SerialDebug.o
                0x2000001c                SERIAL_DEBUG_PRINT
 .data          0x20000038        0xc atmel_start.o
                0x20000038                cfgSystemWdt
 .data          0x20000044       0x20 hpl/tcc/hpl_tcc.o
 .data          0x20000064       0x98 hpl/tc/hpl_tc.o
 .data          0x200000fc        0x4 thirdparty/RTOS/freertos/FreeRTOSV10.0.0/Source/portable/GCC/ARM_CM4F/port.o
 .data._impure_ptr
                0x20000100        0x4 e:/softwares/atmelstudio/7.0/toolchain/arm/arm-gnu-toolchain/bin/../lib/gcc/arm-none-eabi/6.3.1/../../../../arm-none-eabi/lib/thumb/v7e-m\libc_nano.a(lib_a-impure.o)
                0x20000100                _impure_ptr
 .data.impure_data
                0x20000104       0x60 e:/softwares/atmelstudio/7.0/toolchain/arm/arm-gnu-toolchain/bin/../lib/gcc/arm-none-eabi/6.3.1/../../../../arm-none-eabi/lib/thumb/v7e-m\libc_nano.a(lib_a-impure.o)
                0x20000164                . = ALIGN (0x4)
                0x20000164                _erelocate = .

.bkupram        0x47000000        0x0
                0x47000000                . = ALIGN (0x8)
                0x47000000                _sbkupram = .
 *(.bkupram .bkupram.*)
                0x47000000                . = ALIGN (0x8)
                0x47000000                _ebkupram = .

.qspi           0x04000000        0x0
                0x04000000                . = ALIGN (0x8)
                0x04000000                _sqspi = .
 *(.qspi .qspi.*)
                0x04000000                . = ALIGN (0x8)
                0x04000000                _eqspi = .

.bss            0x20000170     0x2d3c load address 0x00004d00
                0x20000170                . = ALIGN (0x4)
                0x20000170                _sbss = .
                0x20000170                _szero = .
 *(.bss .bss.*)
 .bss           0x20000170       0x1c e:/softwares/atmelstudio/7.0/toolchain/arm/arm-gnu-toolchain/bin/../lib/gcc/arm-none-eabi/6.3.1/thumb/v7e-m/crtbegin.o
 .bss           0x2000018c        0x4 Apps/Tasks/ModemTask/source/ModemPowerControl.o
 .bss           0x20000190        0xa Apps/UartDriver/source/UartDriver.o
                0x20000190                TxBuf
 *fill*         0x2000019a        0x2 
 .bss           0x2000019c        0x4 hal/src/hal_delay.o
 .bss           0x200001a0        0x8 hal/src/hal_ext_irq.o
 .bss           0x200001a8        0x4 hal/utils/src/utils_syscalls.o
 *fill*         0x200001ac        0x4 
 .bss           0x200001b0      0x580 hpl/dmac/hpl_dmac.o
 .bss           0x20000730        0x4 hpl/nvmctrl/hpl_nvmctrl.o
 .bss           0x20000734       0x14 hpl/tcc/hpl_tcc.o
 .bss           0x20000748       0x18 hpl/tc/hpl_tc.o
 .bss           0x20000760        0x8 thirdparty/RTOS/freertos/FreeRTOSV10.0.0/Source/portable/GCC/ARM_CM4F/port.o
 .bss           0x20000768     0x1c08 thirdparty/RTOS/freertos/FreeRTOSV10.0.0/Source/portable/MemMang/heap_1.o
 .bss           0x20002370       0xec thirdparty/RTOS/freertos/FreeRTOSV10.0.0/Source/tasks.o
                0x200023e0                pxCurrentTCB
 .bss           0x2000245c       0x3c thirdparty/RTOS/freertos/FreeRTOSV10.0.0/Source/timers.o
 .bss.__malloc_free_list
                0x20002498        0x4 e:/softwares/atmelstudio/7.0/toolchain/arm/arm-gnu-toolchain/bin/../lib/gcc/arm-none-eabi/6.3.1/../../../../arm-none-eabi/lib/thumb/v7e-m\libc_nano.a(lib_a-nano-mallocr.o)
                0x20002498                __malloc_free_list
 .bss.__malloc_sbrk_start
                0x2000249c        0x4 e:/softwares/atmelstudio/7.0/toolchain/arm/arm-gnu-toolchain/bin/../lib/gcc/arm-none-eabi/6.3.1/../../../../arm-none-eabi/lib/thumb/v7e-m\libc_nano.a(lib_a-nano-mallocr.o)
                0x2000249c                __malloc_sbrk_start
 *(COMMON)
 COMMON         0x200024a0       0x1d Apps/Common/FreeRtosHooks.o
                0x200024a0                sysTimeFirst
                0x200024a4                xModemTxTaskHandle
                0x200024a8                sysTimeFinal
                0x200024ac                xModemProcessTaskHandle
                0x200024b0                xDataQueue
                0x200024b4                xModemRxTaskHandle
                0x200024b8                xDispatchTaskHandle
                0x200024bc                PowerOnSuccessfull
 *fill*         0x200024bd        0x3 
 COMMON         0x200024c0      0x814 Apps/Tasks/ModemTask/source/ModemController.o
                0x200024c0                rxEcho
                0x200024c2                ModemRxDatabuffer
                0x20002cc4                RxRingBuffer
 COMMON         0x20002cd4        0x7 Apps/SerialDebug/SerialDebug.o
                0x20002cd4                rcvdChar
                0x20002cd6                printBuf
 *fill*         0x20002cdb        0x1 
 COMMON         0x20002cdc      0x1ac driver_init.o
                0x20002cdc                USART_2
                0x20002ce8                TIMER_2
                0x20002d08                PWM_0
                0x20002d24                PWM_2
                0x20002d40                FLASH_0
                0x20002d5c                TIMER_7
                0x20002d7c                AC_0
                0x20002d80                USART_3
                0x20002d8c                ADC_0
                0x20002d90                TIMER_4
                0x20002db0                WDT_0
                0x20002db4                DAC_0
                0x20002dc8                TIMER_1
                0x20002de8                TIMER_5
                0x20002e08                TIMER_6
                0x20002e28                PWM_1
                0x20002e44                ADC_1
                0x20002e48                TIMER_3
                0x20002e68                TIMER_0
 COMMON         0x20002e88       0x10 hpl/ramecc/hpl_ramecc.o
                0x20002e88                device
 COMMON         0x20002e98       0x10 main.o
                0x20002e98                ModemProcessTaskStatus
                0x20002e9c                ModemTxTaskStatus
                0x20002ea0                DispatchTaskStatus
                0x20002ea4                ModemRxTaskStatus
 COMMON         0x20002ea8        0x4 e:/softwares/atmelstudio/7.0/toolchain/arm/arm-gnu-toolchain/bin/../lib/gcc/arm-none-eabi/6.3.1/../../../../arm-none-eabi/lib/thumb/v7e-m\libc_nano.a(lib_a-reent.o)
                0x20002ea8                errno
                0x20002eac                . = ALIGN (0x4)
                0x20002eac                _ebss = .
                0x20002eac                _ezero = .

.stack          0x20002eac    0x10004 load address 0x00007a3c
                0x20002eb0                . = ALIGN (0x8)
 *fill*         0x20002eac        0x4 
                0x20002eb0                _sstack = .
                0x20012eb0                . = (. + STACK_SIZE)
 *fill*         0x20002eb0    0x10000 
                0x20012eb0                . = ALIGN (0x8)
                0x20012eb0                _estack = .
                0x20012eb0                . = ALIGN (0x4)
                0x20012eb0                _end = .
OUTPUT(SAMD51.elf elf32-littlearm)

.ARM.attributes
                0x00000000       0x2e
 .ARM.attributes
                0x00000000       0x1e e:/softwares/atmelstudio/7.0/toolchain/arm/arm-gnu-toolchain/bin/../lib/gcc/arm-none-eabi/6.3.1/thumb/v7e-m/crti.o
 .ARM.attributes
                0x0000001e       0x2e e:/softwares/atmelstudio/7.0/toolchain/arm/arm-gnu-toolchain/bin/../lib/gcc/arm-none-eabi/6.3.1/thumb/v7e-m/crtbegin.o
 .ARM.attributes
                0x0000004c       0x37 Apps/Common/FreeRtosHooks.o
 .ARM.attributes
                0x00000083       0x37 Apps/Tasks/DispatchTask/source/DispatchTask.o
 .ARM.attributes
                0x000000ba       0x37 Apps/Tasks/ModemTask/source/ModemController.o
 .ARM.attributes
                0x000000f1       0x37 Apps/Tasks/ModemTask/source/ModemPowerControl.o
 .ARM.attributes
                0x00000128       0x37 Apps/Tasks/ModemTask/source/ModemProcessTask.o
 .ARM.attributes
                0x0000015f       0x37 Apps/Tasks/ModemTask/source/ModemRxTask.o
 .ARM.attributes
                0x00000196       0x37 Apps/Tasks/ModemTask/source/ModemTxTask.o
 .ARM.attributes
                0x000001cd       0x37 Apps/UartDriver/source/UartDriver.o
 .ARM.attributes
                0x00000204       0x37 Apps/SerialDebug/SerialDebug.o
 .ARM.attributes
                0x0000023b       0x37 atmel_start.o
 .ARM.attributes
                0x00000272       0x37 Device_Startup/startup_samd51.o
 .ARM.attributes
                0x000002a9       0x37 driver_init.o
 .ARM.attributes
                0x000002e0       0x37 hal/src/hal_ac_sync.o
 .ARM.attributes
                0x00000317       0x37 hal/src/hal_adc_sync.o
 .ARM.attributes
                0x0000034e       0x37 hal/src/hal_dac_sync.o
 .ARM.attributes
                0x00000385       0x37 hal/src/hal_delay.o
 .ARM.attributes
                0x000003bc       0x37 hal/src/hal_evsys.o
 .ARM.attributes
                0x000003f3       0x37 hal/src/hal_ext_irq.o
 .ARM.attributes
                0x0000042a       0x37 hal/src/hal_flash.o
 .ARM.attributes
                0x00000461       0x37 hal/src/hal_pwm.o
 .ARM.attributes
                0x00000498       0x37 hal/src/hal_timer.o
 .ARM.attributes
                0x000004cf       0x37 hal/utils/src/utils_list.o
 .ARM.attributes
                0x00000506       0x37 hal/utils/src/utils_ringbuffer.o
 .ARM.attributes
                0x0000053d       0x37 hal/utils/src/utils_syscalls.o
 .ARM.attributes
                0x00000574       0x37 hpl/ac/hpl_ac.o
 .ARM.attributes
                0x000005ab       0x37 hpl/adc/hpl_adc.o
 .ARM.attributes
                0x000005e2       0x37 hpl/core/hpl_core_m4.o
 .ARM.attributes
                0x00000619       0x37 hpl/core/hpl_init.o
 .ARM.attributes
                0x00000650       0x37 hpl/dac/hpl_dac.o
 .ARM.attributes
                0x00000687       0x37 hpl/dmac/hpl_dmac.o
 .ARM.attributes
                0x000006be       0x37 hpl/eic/hpl_eic.o
 .ARM.attributes
                0x000006f5       0x37 hpl/evsys/hpl_evsys.o
 .ARM.attributes
                0x0000072c       0x37 hpl/gclk/hpl_gclk.o
 .ARM.attributes
                0x00000763       0x37 hpl/mclk/hpl_mclk.o
 .ARM.attributes
                0x0000079a       0x37 hpl/nvmctrl/hpl_nvmctrl.o
 .ARM.attributes
                0x000007d1       0x37 hpl/osc32kctrl/hpl_osc32kctrl.o
 .ARM.attributes
                0x00000808       0x37 hpl/oscctrl/hpl_oscctrl.o
 .ARM.attributes
                0x0000083f       0x37 hpl/ramecc/hpl_ramecc.o
 .ARM.attributes
                0x00000876       0x37 hpl/sercom/hpl_sercom.o
 .ARM.attributes
                0x000008ad       0x37 hpl/systick/hpl_systick.o
 .ARM.attributes
                0x000008e4       0x37 hpl/tcc/hpl_tcc.o
 .ARM.attributes
                0x0000091b       0x37 hpl/tc/hpl_tc.o
 .ARM.attributes
                0x00000952       0x37 hpl/wdt/hpl_wdt.o
 .ARM.attributes
                0x00000989       0x37 main.o
 .ARM.attributes
                0x000009c0       0x37 thirdparty/RTOS/freertos/FreeRTOSV10.0.0/Source/list.o
 .ARM.attributes
                0x000009f7       0x37 thirdparty/RTOS/freertos/FreeRTOSV10.0.0/Source/portable/GCC/ARM_CM4F/port.o
 .ARM.attributes
                0x00000a2e       0x37 thirdparty/RTOS/freertos/FreeRTOSV10.0.0/Source/portable/MemMang/heap_1.o
 .ARM.attributes
                0x00000a65       0x37 thirdparty/RTOS/freertos/FreeRTOSV10.0.0/Source/queue.o
 .ARM.attributes
                0x00000a9c       0x37 thirdparty/RTOS/freertos/FreeRTOSV10.0.0/Source/tasks.o
 .ARM.attributes
                0x00000ad3       0x37 thirdparty/RTOS/freertos/FreeRTOSV10.0.0/Source/timers.o
 .ARM.attributes
                0x00000b0a       0x2e e:/softwares/atmelstudio/7.0/toolchain/arm/arm-gnu-toolchain/bin/../lib/gcc/arm-none-eabi/6.3.1/../../../../arm-none-eabi/lib/thumb/v7e-m\libc_nano.a(lib_a-findfp.o)
 .ARM.attributes
                0x00000b38       0x2e e:/softwares/atmelstudio/7.0/toolchain/arm/arm-gnu-toolchain/bin/../lib/gcc/arm-none-eabi/6.3.1/../../../../arm-none-eabi/lib/thumb/v7e-m\libc_nano.a(lib_a-impure.o)
 .ARM.attributes
                0x00000b66       0x2e e:/softwares/atmelstudio/7.0/toolchain/arm/arm-gnu-toolchain/bin/../lib/gcc/arm-none-eabi/6.3.1/../../../../arm-none-eabi/lib/thumb/v7e-m\libc_nano.a(lib_a-init.o)
 .ARM.attributes
                0x00000b94       0x2e e:/softwares/atmelstudio/7.0/toolchain/arm/arm-gnu-toolchain/bin/../lib/gcc/arm-none-eabi/6.3.1/../../../../arm-none-eabi/lib/thumb/v7e-m\libc_nano.a(lib_a-memcpy-stub.o)
 .ARM.attributes
                0x00000bc2       0x2e e:/softwares/atmelstudio/7.0/toolchain/arm/arm-gnu-toolchain/bin/../lib/gcc/arm-none-eabi/6.3.1/../../../../arm-none-eabi/lib/thumb/v7e-m\libc_nano.a(lib_a-memmove.o)
 .ARM.attributes
                0x00000bf0       0x2e e:/softwares/atmelstudio/7.0/toolchain/arm/arm-gnu-toolchain/bin/../lib/gcc/arm-none-eabi/6.3.1/../../../../arm-none-eabi/lib/thumb/v7e-m\libc_nano.a(lib_a-memset.o)
 .ARM.attributes
                0x00000c1e       0x2e e:/softwares/atmelstudio/7.0/toolchain/arm/arm-gnu-toolchain/bin/../lib/gcc/arm-none-eabi/6.3.1/../../../../arm-none-eabi/lib/thumb/v7e-m\libc_nano.a(lib_a-nano-freer.o)
 .ARM.attributes
                0x00000c4c       0x2e e:/softwares/atmelstudio/7.0/toolchain/arm/arm-gnu-toolchain/bin/../lib/gcc/arm-none-eabi/6.3.1/../../../../arm-none-eabi/lib/thumb/v7e-m\libc_nano.a(lib_a-nano-mallocr.o)
 .ARM.attributes
                0x00000c7a       0x2e e:/softwares/atmelstudio/7.0/toolchain/arm/arm-gnu-toolchain/bin/../lib/gcc/arm-none-eabi/6.3.1/../../../../arm-none-eabi/lib/thumb/v7e-m\libc_nano.a(lib_a-reent.o)
 .ARM.attributes
                0x00000ca8       0x2e e:/softwares/atmelstudio/7.0/toolchain/arm/arm-gnu-toolchain/bin/../lib/gcc/arm-none-eabi/6.3.1/../../../../arm-none-eabi/lib/thumb/v7e-m\libc_nano.a(lib_a-sbrkr.o)
 .ARM.attributes
                0x00000cd6       0x2e e:/softwares/atmelstudio/7.0/toolchain/arm/arm-gnu-toolchain/bin/../lib/gcc/arm-none-eabi/6.3.1/../../../../arm-none-eabi/lib/thumb/v7e-m\libc_nano.a(lib_a-sprintf.o)
 .ARM.attributes
                0x00000d04       0x2e e:/softwares/atmelstudio/7.0/toolchain/arm/arm-gnu-toolchain/bin/../lib/gcc/arm-none-eabi/6.3.1/../../../../arm-none-eabi/lib/thumb/v7e-m\libc_nano.a(lib_a-strcpy.o)
 .ARM.attributes
                0x00000d32       0x17 e:/softwares/atmelstudio/7.0/toolchain/arm/arm-gnu-toolchain/bin/../lib/gcc/arm-none-eabi/6.3.1/../../../../arm-none-eabi/lib/thumb/v7e-m\libc_nano.a(lib_a-strlen.o)
 .ARM.attributes
                0x00000d49       0x2e e:/softwares/atmelstudio/7.0/toolchain/arm/arm-gnu-toolchain/bin/../lib/gcc/arm-none-eabi/6.3.1/../../../../arm-none-eabi/lib/thumb/v7e-m\libc_nano.a(lib_a-mlock.o)
 .ARM.attributes
                0x00000d77       0x2e e:/softwares/atmelstudio/7.0/toolchain/arm/arm-gnu-toolchain/bin/../lib/gcc/arm-none-eabi/6.3.1/../../../../arm-none-eabi/lib/thumb/v7e-m\libc_nano.a(lib_a-nano-svfprintf.o)
 .ARM.attributes
                0x00000da5       0x2e e:/softwares/atmelstudio/7.0/toolchain/arm/arm-gnu-toolchain/bin/../lib/gcc/arm-none-eabi/6.3.1/../../../../arm-none-eabi/lib/thumb/v7e-m\libc_nano.a(lib_a-nano-vfprintf_i.o)
 .ARM.attributes
                0x00000dd3       0x1c e:/softwares/atmelstudio/7.0/toolchain/arm/arm-gnu-toolchain/bin/../lib/gcc/arm-none-eabi/6.3.1/../../../../arm-none-eabi/lib/thumb/v7e-m\libc_nano.a(lib_a-memchr.o)
 .ARM.attributes
                0x00000def       0x2e e:/softwares/atmelstudio/7.0/toolchain/arm/arm-gnu-toolchain/bin/../lib/gcc/arm-none-eabi/6.3.1/../../../../arm-none-eabi/lib/thumb/v7e-m\libc_nano.a(lib_a-nano-reallocr.o)
 .ARM.attributes
                0x00000e1d       0x2e e:/softwares/atmelstudio/7.0/toolchain/arm/arm-gnu-toolchain/bin/../lib/gcc/arm-none-eabi/6.3.1/../../../../arm-none-eabi/lib/thumb/v7e-m\libc_nano.a(lib_a-nano-msizer.o)
 .ARM.attributes
                0x00000e4b       0x1e e:/softwares/atmelstudio/7.0/toolchain/arm/arm-gnu-toolchain/bin/../lib/gcc/arm-none-eabi/6.3.1/thumb/v7e-m/crtn.o

.comment        0x00000000       0x59
 .comment       0x00000000       0x59 Apps/Common/FreeRtosHooks.o
                                 0x5a (size before relaxing)
 .comment       0x00000059       0x5a Apps/Tasks/DispatchTask/source/DispatchTask.o
 .comment       0x00000059       0x5a Apps/Tasks/ModemTask/source/ModemController.o
 .comment       0x00000059       0x5a Apps/Tasks/ModemTask/source/ModemPowerControl.o
 .comment       0x00000059       0x5a Apps/Tasks/ModemTask/source/ModemProcessTask.o
 .comment       0x00000059       0x5a Apps/Tasks/ModemTask/source/ModemRxTask.o
 .comment       0x00000059       0x5a Apps/Tasks/ModemTask/source/ModemTxTask.o
 .comment       0x00000059       0x5a Apps/UartDriver/source/UartDriver.o
 .comment       0x00000059       0x5a Apps/SerialDebug/SerialDebug.o
 .comment       0x00000059       0x5a atmel_start.o
 .comment       0x00000059       0x5a Device_Startup/startup_samd51.o
 .comment       0x00000059       0x5a driver_init.o
 .comment       0x00000059       0x5a hal/src/hal_ac_sync.o
 .comment       0x00000059       0x5a hal/src/hal_adc_sync.o
 .comment       0x00000059       0x5a hal/src/hal_dac_sync.o
 .comment       0x00000059       0x5a hal/src/hal_delay.o
 .comment       0x00000059       0x5a hal/src/hal_evsys.o
 .comment       0x00000059       0x5a hal/src/hal_ext_irq.o
 .comment       0x00000059       0x5a hal/src/hal_flash.o
 .comment       0x00000059       0x5a hal/src/hal_pwm.o
 .comment       0x00000059       0x5a hal/src/hal_timer.o
 .comment       0x00000059       0x5a hal/utils/src/utils_list.o
 .comment       0x00000059       0x5a hal/utils/src/utils_ringbuffer.o
 .comment       0x00000059       0x5a hal/utils/src/utils_syscalls.o
 .comment       0x00000059       0x5a hpl/ac/hpl_ac.o
 .comment       0x00000059       0x5a hpl/adc/hpl_adc.o
 .comment       0x00000059       0x5a hpl/core/hpl_core_m4.o
 .comment       0x00000059       0x5a hpl/core/hpl_init.o
 .comment       0x00000059       0x5a hpl/dac/hpl_dac.o
 .comment       0x00000059       0x5a hpl/dmac/hpl_dmac.o
 .comment       0x00000059       0x5a hpl/eic/hpl_eic.o
 .comment       0x00000059       0x5a hpl/evsys/hpl_evsys.o
 .comment       0x00000059       0x5a hpl/gclk/hpl_gclk.o
 .comment       0x00000059       0x5a hpl/mclk/hpl_mclk.o
 .comment       0x00000059       0x5a hpl/nvmctrl/hpl_nvmctrl.o
 .comment       0x00000059       0x5a hpl/osc32kctrl/hpl_osc32kctrl.o
 .comment       0x00000059       0x5a hpl/oscctrl/hpl_oscctrl.o
 .comment       0x00000059       0x5a hpl/ramecc/hpl_ramecc.o
 .comment       0x00000059       0x5a hpl/sercom/hpl_sercom.o
 .comment       0x00000059       0x5a hpl/systick/hpl_systick.o
 .comment       0x00000059       0x5a hpl/tcc/hpl_tcc.o
 .comment       0x00000059       0x5a hpl/tc/hpl_tc.o
 .comment       0x00000059       0x5a hpl/wdt/hpl_wdt.o
 .comment       0x00000059       0x5a main.o
 .comment       0x00000059       0x5a thirdparty/RTOS/freertos/FreeRTOSV10.0.0/Source/list.o
 .comment       0x00000059       0x5a thirdparty/RTOS/freertos/FreeRTOSV10.0.0/Source/portable/GCC/ARM_CM4F/port.o
 .comment       0x00000059       0x5a thirdparty/RTOS/freertos/FreeRTOSV10.0.0/Source/portable/MemMang/heap_1.o
 .comment       0x00000059       0x5a thirdparty/RTOS/freertos/FreeRTOSV10.0.0/Source/queue.o
 .comment       0x00000059       0x5a thirdparty/RTOS/freertos/FreeRTOSV10.0.0/Source/tasks.o
 .comment       0x00000059       0x5a thirdparty/RTOS/freertos/FreeRTOSV10.0.0/Source/timers.o

.debug_frame    0x00000000      0x4b0
 .debug_frame   0x00000000      0x11c e:/softwares/atmelstudio/7.0/toolchain/arm/arm-gnu-toolchain/bin/../lib/gcc/arm-none-eabi/6.3.1/../../../../arm-none-eabi/lib/thumb/v7e-m\libc_nano.a(lib_a-findfp.o)
 .debug_frame   0x0000011c       0x2c e:/softwares/atmelstudio/7.0/toolchain/arm/arm-gnu-toolchain/bin/../lib/gcc/arm-none-eabi/6.3.1/../../../../arm-none-eabi/lib/thumb/v7e-m\libc_nano.a(lib_a-init.o)
 .debug_frame   0x00000148       0x28 e:/softwares/atmelstudio/7.0/toolchain/arm/arm-gnu-toolchain/bin/../lib/gcc/arm-none-eabi/6.3.1/../../../../arm-none-eabi/lib/thumb/v7e-m\libc_nano.a(lib_a-memcpy-stub.o)
 .debug_frame   0x00000170       0x28 e:/softwares/atmelstudio/7.0/toolchain/arm/arm-gnu-toolchain/bin/../lib/gcc/arm-none-eabi/6.3.1/../../../../arm-none-eabi/lib/thumb/v7e-m\libc_nano.a(lib_a-memmove.o)
 .debug_frame   0x00000198       0x20 e:/softwares/atmelstudio/7.0/toolchain/arm/arm-gnu-toolchain/bin/../lib/gcc/arm-none-eabi/6.3.1/../../../../arm-none-eabi/lib/thumb/v7e-m\libc_nano.a(lib_a-memset.o)
 .debug_frame   0x000001b8       0x38 e:/softwares/atmelstudio/7.0/toolchain/arm/arm-gnu-toolchain/bin/../lib/gcc/arm-none-eabi/6.3.1/../../../../arm-none-eabi/lib/thumb/v7e-m\libc_nano.a(lib_a-nano-freer.o)
 .debug_frame   0x000001f0       0x2c e:/softwares/atmelstudio/7.0/toolchain/arm/arm-gnu-toolchain/bin/../lib/gcc/arm-none-eabi/6.3.1/../../../../arm-none-eabi/lib/thumb/v7e-m\libc_nano.a(lib_a-nano-mallocr.o)
 .debug_frame   0x0000021c       0x5c e:/softwares/atmelstudio/7.0/toolchain/arm/arm-gnu-toolchain/bin/../lib/gcc/arm-none-eabi/6.3.1/../../../../arm-none-eabi/lib/thumb/v7e-m\libc_nano.a(lib_a-reent.o)
 .debug_frame   0x00000278       0x2c e:/softwares/atmelstudio/7.0/toolchain/arm/arm-gnu-toolchain/bin/../lib/gcc/arm-none-eabi/6.3.1/../../../../arm-none-eabi/lib/thumb/v7e-m\libc_nano.a(lib_a-sbrkr.o)
 .debug_frame   0x000002a4       0x70 e:/softwares/atmelstudio/7.0/toolchain/arm/arm-gnu-toolchain/bin/../lib/gcc/arm-none-eabi/6.3.1/../../../../arm-none-eabi/lib/thumb/v7e-m\libc_nano.a(lib_a-sprintf.o)
 .debug_frame   0x00000314       0x20 e:/softwares/atmelstudio/7.0/toolchain/arm/arm-gnu-toolchain/bin/../lib/gcc/arm-none-eabi/6.3.1/../../../../arm-none-eabi/lib/thumb/v7e-m\libc_nano.a(lib_a-strcpy.o)
 .debug_frame   0x00000334       0x30 e:/softwares/atmelstudio/7.0/toolchain/arm/arm-gnu-toolchain/bin/../lib/gcc/arm-none-eabi/6.3.1/../../../../arm-none-eabi/lib/thumb/v7e-m\libc_nano.a(lib_a-mlock.o)
 .debug_frame   0x00000364       0x90 e:/softwares/atmelstudio/7.0/toolchain/arm/arm-gnu-toolchain/bin/../lib/gcc/arm-none-eabi/6.3.1/../../../../arm-none-eabi/lib/thumb/v7e-m\libc_nano.a(lib_a-nano-svfprintf.o)
 .debug_frame   0x000003f4       0x60 e:/softwares/atmelstudio/7.0/toolchain/arm/arm-gnu-toolchain/bin/../lib/gcc/arm-none-eabi/6.3.1/../../../../arm-none-eabi/lib/thumb/v7e-m\libc_nano.a(lib_a-nano-vfprintf_i.o)
 .debug_frame   0x00000454       0x3c e:/softwares/atmelstudio/7.0/toolchain/arm/arm-gnu-toolchain/bin/../lib/gcc/arm-none-eabi/6.3.1/../../../../arm-none-eabi/lib/thumb/v7e-m\libc_nano.a(lib_a-nano-reallocr.o)
 .debug_frame   0x00000490       0x20 e:/softwares/atmelstudio/7.0/toolchain/arm/arm-gnu-toolchain/bin/../lib/gcc/arm-none-eabi/6.3.1/../../../../arm-none-eabi/lib/thumb/v7e-m\libc_nano.a(lib_a-nano-msizer.o)
