Archive member included to satisfy reference by file (symbol)

c:/program files (x86)/atmel/studio/7.0/toolchain/arm/arm-gnu-toolchain/bin/../lib/gcc/arm-none-eabi/6.3.1/thumb/v7e-m\libgcc.a(_arm_addsubdf3.o)
                              Apps/JsonParser/source/parson.o (__aeabi_dsub)
c:/program files (x86)/atmel/studio/7.0/toolchain/arm/arm-gnu-toolchain/bin/../lib/gcc/arm-none-eabi/6.3.1/thumb/v7e-m\libgcc.a(_arm_muldivdf3.o)
                              Apps/JsonParser/source/parson.o (__aeabi_dmul)
c:/program files (x86)/atmel/studio/7.0/toolchain/arm/arm-gnu-toolchain/bin/../lib/gcc/arm-none-eabi/6.3.1/thumb/v7e-m\libgcc.a(_arm_cmpdf2.o)
                              Apps/JsonParser/source/parson.o (__aeabi_dcmpeq)
c:/program files (x86)/atmel/studio/7.0/toolchain/arm/arm-gnu-toolchain/bin/../lib/gcc/arm-none-eabi/6.3.1/thumb/v7e-m\libgcc.a(_arm_fixunsdfsi.o)
                              hpl/sercom/hpl_sercom.o (__aeabi_d2uiz)
c:/program files (x86)/atmel/studio/7.0/toolchain/arm/arm-gnu-toolchain/bin/../lib/gcc/arm-none-eabi/6.3.1/thumb/v7e-m\libgcc.a(_aeabi_uldivmod.o)
                              hpl/sercom/hpl_sercom.o (__aeabi_uldivmod)
c:/program files (x86)/atmel/studio/7.0/toolchain/arm/arm-gnu-toolchain/bin/../lib/gcc/arm-none-eabi/6.3.1/thumb/v7e-m\libgcc.a(_udivmoddi4.o)
                              c:/program files (x86)/atmel/studio/7.0/toolchain/arm/arm-gnu-toolchain/bin/../lib/gcc/arm-none-eabi/6.3.1/thumb/v7e-m\libgcc.a(_aeabi_uldivmod.o) (__udivmoddi4)
c:/program files (x86)/atmel/studio/7.0/toolchain/arm/arm-gnu-toolchain/bin/../lib/gcc/arm-none-eabi/6.3.1/thumb/v7e-m\libgcc.a(_dvmd_tls.o)
                              c:/program files (x86)/atmel/studio/7.0/toolchain/arm/arm-gnu-toolchain/bin/../lib/gcc/arm-none-eabi/6.3.1/thumb/v7e-m\libgcc.a(_aeabi_uldivmod.o) (__aeabi_ldiv0)
c:/program files (x86)/atmel/studio/7.0/toolchain/arm/arm-gnu-toolchain/bin/../lib/gcc/arm-none-eabi/6.3.1/../../../../arm-none-eabi/lib/thumb/v7e-m\libc_nano.a(lib_a-errno.o)
                              Apps/JsonParser/source/parson.o (__errno)
c:/program files (x86)/atmel/studio/7.0/toolchain/arm/arm-gnu-toolchain/bin/../lib/gcc/arm-none-eabi/6.3.1/../../../../arm-none-eabi/lib/thumb/v7e-m\libc_nano.a(lib_a-exit.o)
                              c:/program files (x86)/atmel/studio/7.0/toolchain/arm/arm-gnu-toolchain/bin/../lib/gcc/arm-none-eabi/6.3.1/../../../../arm-none-eabi/lib/thumb/v7e-m/crt0.o (exit)
c:/program files (x86)/atmel/studio/7.0/toolchain/arm/arm-gnu-toolchain/bin/../lib/gcc/arm-none-eabi/6.3.1/../../../../arm-none-eabi/lib/thumb/v7e-m\libc_nano.a(lib_a-fclose.o)
                              Apps/JsonParser/source/parson.o (fclose)
c:/program files (x86)/atmel/studio/7.0/toolchain/arm/arm-gnu-toolchain/bin/../lib/gcc/arm-none-eabi/6.3.1/../../../../arm-none-eabi/lib/thumb/v7e-m\libc_nano.a(lib_a-fflush.o)
                              c:/program files (x86)/atmel/studio/7.0/toolchain/arm/arm-gnu-toolchain/bin/../lib/gcc/arm-none-eabi/6.3.1/../../../../arm-none-eabi/lib/thumb/v7e-m\libc_nano.a(lib_a-fclose.o) (__sflush_r)
c:/program files (x86)/atmel/studio/7.0/toolchain/arm/arm-gnu-toolchain/bin/../lib/gcc/arm-none-eabi/6.3.1/../../../../arm-none-eabi/lib/thumb/v7e-m\libc_nano.a(lib_a-findfp.o)
                              c:/program files (x86)/atmel/studio/7.0/toolchain/arm/arm-gnu-toolchain/bin/../lib/gcc/arm-none-eabi/6.3.1/../../../../arm-none-eabi/lib/thumb/v7e-m\libc_nano.a(lib_a-fclose.o) (__sinit)
c:/program files (x86)/atmel/studio/7.0/toolchain/arm/arm-gnu-toolchain/bin/../lib/gcc/arm-none-eabi/6.3.1/../../../../arm-none-eabi/lib/thumb/v7e-m\libc_nano.a(lib_a-fopen.o)
                              Apps/JsonParser/source/parson.o (fopen)
c:/program files (x86)/atmel/studio/7.0/toolchain/arm/arm-gnu-toolchain/bin/../lib/gcc/arm-none-eabi/6.3.1/../../../../arm-none-eabi/lib/thumb/v7e-m\libc_nano.a(lib_a-fputs.o)
                              Apps/JsonParser/source/parson.o (fputs)
c:/program files (x86)/atmel/studio/7.0/toolchain/arm/arm-gnu-toolchain/bin/../lib/gcc/arm-none-eabi/6.3.1/../../../../arm-none-eabi/lib/thumb/v7e-m\libc_nano.a(lib_a-fread.o)
                              Apps/JsonParser/source/parson.o (fread)
c:/program files (x86)/atmel/studio/7.0/toolchain/arm/arm-gnu-toolchain/bin/../lib/gcc/arm-none-eabi/6.3.1/../../../../arm-none-eabi/lib/thumb/v7e-m\libc_nano.a(lib_a-fseek.o)
                              c:/program files (x86)/atmel/studio/7.0/toolchain/arm/arm-gnu-toolchain/bin/../lib/gcc/arm-none-eabi/6.3.1/../../../../arm-none-eabi/lib/thumb/v7e-m\libc_nano.a(lib_a-fopen.o) (_fseek_r)
c:/program files (x86)/atmel/studio/7.0/toolchain/arm/arm-gnu-toolchain/bin/../lib/gcc/arm-none-eabi/6.3.1/../../../../arm-none-eabi/lib/thumb/v7e-m\libc_nano.a(lib_a-fseeko.o)
[...]
Memory Configuration

Name             Origin             Length             Attributes
rom              0x00000000         0x00100000         xr
ram              0x20000000         0x00040000         xrw
bkupram          0x47000000         0x00002000         xrw
qspi             0x04000000         0x01000000         xrw
*default*        0x00000000         0xffffffff

Linker script and memory map

LOAD c:/program files (x86)/atmel/studio/7.0/toolchain/arm/arm-gnu-toolchain/bin/../lib/gcc/arm-none-eabi/6.3.1/thumb/v7e-m/crti.o
LOAD c:/program files (x86)/atmel/studio/7.0/toolchain/arm/arm-gnu-toolchain/bin/../lib/gcc/arm-none-eabi/6.3.1/thumb/v7e-m/crtbegin.o
LOAD c:/program files (x86)/atmel/studio/7.0/toolchain/arm/arm-gnu-toolchain/bin/../lib/gcc/arm-none-eabi/6.3.1/../../../../arm-none-eabi/lib/thumb/v7e-m/crt0.o
LOAD Apps/JsonParser/source/JsonPacket.o
LOAD Apps/JsonParser/source/parson.o
LOAD Apps/LedControl/source/ledControl.o
LOAD Apps/LedControl/source/ledPwmControl.o
LOAD Apps/SelectInputs/source/selectInputs.o
LOAD Apps/SensorAdcInputs/source/SensorAdcInputs.o
LOAD Apps/Tasks/DispatchTask/source/DispatchTask.o
LOAD Apps/Tasks/ModemTask/source/ModemControl.o
LOAD Apps/Tasks/ModemTask/source/ModemController.o
LOAD Apps/Tasks/ModemTask/source/ModemPowerControl.o
LOAD Apps/Tasks/ModemTask/source/ModemTask.o
LOAD Apps/UartDriver/source/UartDriver.o
LOAD Apps/SerialDebug/SerialDebug.o
LOAD atmel_start.o
LOAD Device_Startup/startup_samd51.o
LOAD Device_Startup/system_samd51.o
LOAD driver_init.o
LOAD examples/driver_examples.o
LOAD hal/src/hal_ac_sync.o
LOAD hal/src/hal_adc_sync.o
LOAD hal/src/hal_atomic.o
LOAD hal/src/hal_dac_sync.o
LOAD hal/src/hal_delay.o
LOAD hal/src/hal_evsys.o
LOAD hal/src/hal_ext_irq.o
LOAD hal/src/hal_flash.o
LOAD hal/src/hal_gpio.o
LOAD hal/src/hal_init.o
LOAD hal/src/hal_io.o
LOAD hal/src/hal_pwm.o
LOAD hal/src/hal_sleep.o
LOAD hal/src/hal_timer.o
LOAD hal/src/hal_usart_os.o
LOAD hal/src/hal_usart_sync.o
LOAD hal/src/hal_wdt.o
LOAD hal/utils/src/utils_assert.o
LOAD hal/utils/src/utils_event.o
LOAD hal/utils/src/utils_list.o
LOAD hal/utils/src/utils_ringbuffer.o
LOAD hal/utils/src/utils_syscalls.o
LOAD hpl/ac/hpl_ac.o
LOAD hpl/adc/hpl_adc.o
LOAD hpl/core/hpl_core_m4.o
LOAD hpl/core/hpl_init.o
LOAD hpl/dac/hpl_dac.o
LOAD hpl/dmac/hpl_dmac.o
LOAD hpl/eic/hpl_eic.o
LOAD hpl/evsys/hpl_evsys.o
LOAD hpl/gclk/hpl_gclk.o
LOAD hpl/mclk/hpl_mclk.o
LOAD hpl/nvmctrl/hpl_nvmctrl.o
LOAD hpl/osc32kctrl/hpl_osc32kctrl.o
LOAD hpl/oscctrl/hpl_oscctrl.o
LOAD hpl/pm/hpl_pm.o
LOAD hpl/ramecc/hpl_ramecc.o
LOAD hpl/sercom/hpl_sercom.o
LOAD hpl/systick/hpl_systick.o
LOAD hpl/tcc/hpl_tcc.o
LOAD hpl/tc/hpl_tc.o
LOAD hpl/wdt/hpl_wdt.o
LOAD main.o
LOAD rtos_start.o
LOAD stdio_redirect/gcc/read.o
LOAD stdio_redirect/gcc/write.o
LOAD stdio_redirect/stdio_io.o
LOAD stdio_start.o
LOAD thirdparty/RTOS/freertos/FreeRTOSV10.0.0/rtos_port.o
LOAD thirdparty/RTOS/freertos/FreeRTOSV10.0.0/Source/croutine.o
LOAD thirdparty/RTOS/freertos/FreeRTOSV10.0.0/Source/event_groups.o
LOAD thirdparty/RTOS/freertos/FreeRTOSV10.0.0/Source/list.o
LOAD thirdparty/RTOS/freertos/FreeRTOSV10.0.0/Source/portable/GCC/ARM_CM4F/port.o
LOAD thirdparty/RTOS/freertos/FreeRTOSV10.0.0/Source/portable/MemMang/heap_1.o
LOAD thirdparty/RTOS/freertos/FreeRTOSV10.0.0/Source/queue.o
LOAD thirdparty/RTOS/freertos/FreeRTOSV10.0.0/Source/stream_buffer.o
LOAD thirdparty/RTOS/freertos/FreeRTOSV10.0.0/Source/tasks.o
LOAD thirdparty/RTOS/freertos/FreeRTOSV10.0.0/Source/timers.o
START GROUP
LOAD c:/program files (x86)/atmel/studio/7.0/toolchain/arm/arm-gnu-toolchain/bin/../lib/gcc/arm-none-eabi/6.3.1/../../../../arm-none-eabi/lib/thumb/v7e-m\libm.a
END GROUP
START GROUP
LOAD c:/program files (x86)/atmel/studio/7.0/toolchain/arm/arm-gnu-toolchain/bin/../lib/gcc/arm-none-eabi/6.3.1/thumb/v7e-m\libgcc.a
LOAD c:/program files (x86)/atmel/studio/7.0/toolchain/arm/arm-gnu-toolchain/bin/../lib/gcc/arm-none-eabi/6.3.1/../../../../arm-none-eabi/lib/thumb/v7e-m\libc_nano.a
END GROUP
START GROUP
LOAD c:/program files (x86)/atmel/studio/7.0/toolchain/arm/arm-gnu-toolchain/bin/../lib/gcc/arm-none-eabi/6.3.1/thumb/v7e-m\libgcc.a
LOAD c:/program files (x86)/atmel/studio/7.0/toolchain/arm/arm-gnu-toolchain/bin/../lib/gcc/arm-none-eabi/6.3.1/../../../../arm-none-eabi/lib/thumb/v7e-m\libc_nano.a
END GROUP
LOAD c:/program files (x86)/atmel/studio/7.0/toolchain/arm/arm-gnu-toolchain/bin/../lib/gcc/arm-none-eabi/6.3.1/thumb/v7e-m/crtend.o
LOAD c:/program files (x86)/atmel/studio/7.0/toolchain/arm/arm-gnu-toolchain/bin/../lib/gcc/arm-none-eabi/6.3.1/thumb/v7e-m/crtn.o
                0x00010000                STACK_SIZE = DEFINED (STACK_SIZE)?STACK_SIZE:DEFINED (__stack_size__)?__stack_size__:0x10000

.text           0x00000000     0x27f0
                0x00000000                . = ALIGN (0x4)
                0x00000000                _sfixed = .
 *(.vectors .vectors.*)
 .vectors       0x00000000      0x264 Device_Startup/startup_samd51.o
                0x00000000                exception_table
 *(.text .text.* .gnu.linkonce.t.*)
 .text          0x00000264       0x6c c:/program files (x86)/atmel/studio/7.0/toolchain/arm/arm-gnu-toolchain/bin/../lib/gcc/arm-none-eabi/6.3.1/thumb/v7e-m/crtbegin.o
 .text.ModemDataCommInit
                0x000002d0       0x70 Apps/Tasks/ModemTask/source/ModemController.o
                0x000002d0                ModemDataCommInit
 .text.SERCOM3_0_Handler
                0x00000340        0xc Apps/Tasks/ModemTask/source/ModemController.o
                0x00000340                SERCOM3_0_Handler
 .text.SERCOM3_1_Handler
                0x0000034c       0x30 Apps/Tasks/ModemTask/source/ModemController.o
                0x0000034c                SERCOM3_1_Handler
 .text.SERCOM3_2_Handler
                0x0000037c       0x64 Apps/Tasks/ModemTask/source/ModemController.o
                0x0000037c                SERCOM3_2_Handler
 .text.sendCommandToModem
                0x000003e0       0x28 Apps/Tasks/ModemTask/source/ModemController.o
                0x000003e0                sendCommandToModem
 .text._gpio_set_direction.constprop.4
                0x00000408       0x1e Apps/Tasks/ModemTask/source/ModemPowerControl.o
 *fill*         0x00000426        0x2 
 .text.modemPowerInit
                0x00000428       0x8c Apps/Tasks/ModemTask/source/ModemPowerControl.o
                0x00000428                modemPowerInit
 .text.usart_async_write
                0x000004b4       0x40 Apps/UartDriver/source/UartDriver.o
                0x000004b4                usart_async_write
 .text.SerialDebugTxByteSentCallBack
                0x000004f4        0x6 Apps/SerialDebug/SerialDebug.o
                0x000004f4                SerialDebugTxByteSentCallBack
 .text.SerialDebugErrorCallBack
                0x000004fa        0x6 Apps/SerialDebug/SerialDebug.o
                0x000004fa                SerialDebugErrorCallBack
 .text.SerialDebugPrintInit
                0x00000500       0x2c Apps/SerialDebug/SerialDebug.o
                0x00000500                SerialDebugPrintInit
 .text.SerialDebugPrint
                0x0000052c       0x28 Apps/SerialDebug/SerialDebug.o
                0x0000052c                SerialDebugPrint
 .text.SerialDebugTxDoneCallBack
                0x00000554       0x1c Apps/SerialDebug/SerialDebug.o
                0x00000554                SerialDebugTxDoneCallBack
 .text.SERCOM5_2_Handler
                0x00000570       0x54 Apps/SerialDebug/SerialDebug.o
                0x00000570                SERCOM5_2_Handler
 .text.atmel_start_init
                0x000005c4        0x8 atmel_start.o
                0x000005c4                atmel_start_init
 .text.Dummy_Handler
                0x000005cc        0x2 Device_Startup/startup_samd51.o
                0x000005cc                EIC_5_Handler
                0x000005cc                SERCOM0_2_Handler
                0x000005cc                DebugMon_Handler
                0x000005cc                EIC_13_Handler
                0x000005cc                EVSYS_0_Handler
                0x000005cc                TCC1_3_Handler
                0x000005cc                DAC_3_Handler
                0x000005cc                TRNG_Handler
                0x000005cc                HardFault_Handler
                0x000005cc                PDEC_2_Handler
                0x000005cc                EIC_4_Handler
                0x000005cc                AC_Handler
                0x000005cc                TCC2_3_Handler
                0x000005cc                NMI_Handler
                0x000005cc                ADC1_1_Handler
                0x000005cc                EVSYS_3_Handler
                0x000005cc                PDEC_0_Handler
                0x000005cc                QSPI_Handler
                0x000005cc                EIC_3_Handler
                0x000005cc                TAL_0_Handler
                0x000005cc                DAC_2_Handler
                0x000005cc                SERCOM0_0_Handler
                0x000005cc                RTC_Handler
                0x000005cc                UsageFault_Handler
                0x000005cc                SERCOM4_0_Handler
                0x000005cc                EIC_10_Handler
                0x000005cc                SERCOM0_3_Handler
                0x000005cc                EIC_11_Handler
                0x000005cc                EIC_9_Handler
                0x000005cc                OSC32KCTRL_Handler
                0x000005cc                TCC2_1_Handler
                0x000005cc                SUPC_1_Handler
                0x000005cc                TCC0_5_Handler
                0x000005cc                TCC0_6_Handler
                0x000005cc                EVSYS_1_Handler
                0x000005cc                TCC1_4_Handler
                0x000005cc                WDT_Handler
                0x000005cc                EIC_8_Handler
                0x000005cc                EIC_15_Handler
                0x000005cc                SERCOM5_0_Handler
                0x000005cc                OSCCTRL_4_Handler
                0x000005cc                SERCOM4_3_Handler
                0x000005cc                EIC_12_Handler
                0x000005cc                TCC4_2_Handler
                0x000005cc                PAC_Handler
                0x000005cc                USB_0_Handler
                0x000005cc                OSCCTRL_0_Handler
                0x000005cc                EIC_0_Handler
                0x000005cc                OSCCTRL_3_Handler
                0x000005cc                SERCOM4_1_Handler
                0x000005cc                Dummy_Handler
                0x000005cc                TCC2_2_Handler
                0x000005cc                SERCOM5_1_Handler
                0x000005cc                TCC1_1_Handler
                0x000005cc                ADC0_0_Handler
                0x000005cc                SERCOM0_1_Handler
                0x000005cc                OSCCTRL_2_Handler
                0x000005cc                ADC1_0_Handler
                0x000005cc                TCC1_2_Handler
                0x000005cc                USB_1_Handler
                0x000005cc                PM_Handler
                0x000005cc                SERCOM2_3_Handler
                0x000005cc                DAC_4_Handler
                0x000005cc                TCC3_2_Handler
                0x000005cc                TCC0_2_Handler
                0x000005cc                USB_3_Handler
                0x000005cc                PDEC_1_Handler
                0x000005cc                MemManage_Handler
                0x000005cc                TCC4_1_Handler
                0x000005cc                SERCOM5_3_Handler
                0x000005cc                USB_2_Handler
                0x000005cc                SDHC0_Handler
                0x000005cc                SERCOM1_1_Handler
                0x000005cc                I2S_Handler
                0x000005cc                EIC_2_Handler
                0x000005cc                PCC_Handler
                0x000005cc                DAC_0_Handler
                0x000005cc                TCC0_1_Handler
                0x000005cc                SERCOM1_3_Handler
                0x000005cc                EIC_6_Handler
                0x000005cc                OSCCTRL_1_Handler
                0x000005cc                SERCOM1_0_Handler
                0x000005cc                PUKCC_Handler
                0x000005cc                SERCOM2_1_Handler
                0x000005cc                SERCOM1_2_Handler
                0x000005cc                EIC_1_Handler
                0x000005cc                SERCOM4_2_Handler
                0x000005cc                EVSYS_4_Handler
                0x000005cc                EIC_7_Handler
                0x000005cc                SERCOM3_3_Handler
                0x000005cc                ADC0_1_Handler
                0x000005cc                SERCOM2_2_Handler
                0x000005cc                TCC3_1_Handler
                0x000005cc                EIC_14_Handler
                0x000005cc                DAC_1_Handler
                0x000005cc                TAL_1_Handler
                0x000005cc                MCLK_Handler
                0x000005cc                EVSYS_2_Handler
                0x000005cc                SUPC_0_Handler
                0x000005cc                BusFault_Handler
                0x000005cc                FREQM_Handler
                0x000005cc                TCC0_3_Handler
                0x000005cc                TCC0_4_Handler
                0x000005cc                SERCOM2_0_Handler
                0x000005cc                AES_Handler
                0x000005cc                ICM_Handler
 *fill*         0x000005ce        0x2 
 .text.Reset_Handler
                0x000005d0       0x78 Device_Startup/startup_samd51.o
                0x000005d0                Reset_Handler
 .text._gpio_set_pin_function
                0x00000648       0x68 driver_init.o
 .text.gpio_set_pin_direction.constprop.1
                0x000006b0       0x28 driver_init.o
 .text.AC_0_CLOCK_init
                0x000006d8       0x1c driver_init.o
                0x000006d8                AC_0_CLOCK_init
 .text.AC_0_init
                0x000006f4       0x24 driver_init.o
                0x000006f4                AC_0_init
 .text.ADC_0_PORT_init
                0x00000718       0x84 driver_init.o
                0x00000718                ADC_0_PORT_init
 .text.ADC_0_CLOCK_init
                0x0000079c       0x1c driver_init.o
                0x0000079c                ADC_0_CLOCK_init
 .text.ADC_0_init
                0x000007b8       0x2c driver_init.o
                0x000007b8                ADC_0_init
 .text.ADC_1_CLOCK_init
                0x000007e4       0x1c driver_init.o
                0x000007e4                ADC_1_CLOCK_init
 .text.ADC_1_init
                0x00000800       0x24 driver_init.o
                0x00000800                ADC_1_init
 .text.DAC_0_CLOCK_init
                0x00000824       0x1c driver_init.o
                0x00000824                DAC_0_CLOCK_init
 .text.DAC_0_init
                0x00000840       0x24 driver_init.o
                0x00000840                DAC_0_init
 .text.EXTERNAL_IRQ_0_init
                0x00000864       0x24 driver_init.o
                0x00000864                EXTERNAL_IRQ_0_init
 .text.EVENT_SYSTEM_0_init
                0x00000888       0x18 driver_init.o
                0x00000888                EVENT_SYSTEM_0_init
 .text.FLASH_0_CLOCK_init
                0x000008a0       0x10 driver_init.o
                0x000008a0                FLASH_0_CLOCK_init
 .text.FLASH_0_init
                0x000008b0       0x24 driver_init.o
                0x000008b0                FLASH_0_init
 .text.ModemData_PORT_init
                0x000008d4       0x24 driver_init.o
                0x000008d4                ModemData_PORT_init
 .text.ModemData_CLOCK_init
                0x000008f8       0x24 driver_init.o
                0x000008f8                ModemData_CLOCK_init
 .text.ModemData_init
                0x0000091c       0x20 driver_init.o
                0x0000091c                ModemData_init
 .text.SerialDebug_PORT_init
                0x0000093c       0x24 driver_init.o
                0x0000093c                SerialDebug_PORT_init
 .text.SerialDebug_CLOCK_init
                0x00000960       0x24 driver_init.o
                0x00000960                SerialDebug_CLOCK_init
 .text.SerialDebug_init
                0x00000984       0x20 driver_init.o
                0x00000984                SerialDebug_init
 .text.delay_driver_init
                0x000009a4       0x10 driver_init.o
                0x000009a4                delay_driver_init
 .text.PWM_0_CLOCK_init
                0x000009b4       0x1c driver_init.o
                0x000009b4                PWM_0_CLOCK_init
 .text.PWM_0_init
                0x000009d0       0x2c driver_init.o
                0x000009d0                PWM_0_init
 .text.PWM_1_CLOCK_init
                0x000009fc       0x1c driver_init.o
                0x000009fc                PWM_1_CLOCK_init
 .text.PWM_1_init
                0x00000a18       0x2c driver_init.o
                0x00000a18                PWM_1_init
 .text.PWM_2_CLOCK_init
                0x00000a44       0x1c driver_init.o
                0x00000a44                PWM_2_CLOCK_init
 .text.PWM_2_init
                0x00000a60       0x2c driver_init.o
                0x00000a60                PWM_2_init
 .text.TIMER_3_CLOCK_init
                0x00000a8c       0x1c driver_init.o
                0x00000a8c                TIMER_3_CLOCK_init
 .text.TIMER_3_init
                0x00000aa8       0x2c driver_init.o
                0x00000aa8                TIMER_3_init
 .text.TIMER_4_CLOCK_init
                0x00000ad4       0x1c driver_init.o
                0x00000ad4                TIMER_4_CLOCK_init
 .text.TIMER_4_init
                0x00000af0       0x2c driver_init.o
                0x00000af0                TIMER_4_init
 .text.TIMER_5_CLOCK_init
                0x00000b1c       0x1c driver_init.o
                0x00000b1c                TIMER_5_CLOCK_init
 .text.TIMER_5_init
                0x00000b38       0x2c driver_init.o
                0x00000b38                TIMER_5_init
 .text.TIMER_6_CLOCK_init
                0x00000b64       0x1c driver_init.o
                0x00000b64                TIMER_6_CLOCK_init
 .text.TIMER_6_init
                0x00000b80       0x2c driver_init.o
                0x00000b80                TIMER_6_init
 .text.TIMER_7_CLOCK_init
                0x00000bac       0x1c driver_init.o
                0x00000bac                TIMER_7_CLOCK_init
 .text.TIMER_7_init
                0x00000bc8       0x2c driver_init.o
                0x00000bc8                TIMER_7_init
 .text.WDT_0_CLOCK_init
                0x00000bf4       0x10 driver_init.o
                0x00000bf4                WDT_0_CLOCK_init
 .text.WDT_0_init
                0x00000c04       0x24 driver_init.o
                0x00000c04                WDT_0_init
 .text.system_init
                0x00000c28      0x120 driver_init.o
                0x00000c28                system_init
 .text.ac_sync_init
                0x00000d48        0x8 hal/src/hal_ac_sync.o
                0x00000d48                ac_sync_init
 .text.adc_sync_init
                0x00000d50        0x8 hal/src/hal_adc_sync.o
                0x00000d50                adc_sync_init
 .text.dac_sync_init
                0x00000d58       0x18 hal/src/hal_dac_sync.o
                0x00000d58                dac_sync_init
 .text.delay_init
                0x00000d70       0x10 hal/src/hal_delay.o
                0x00000d70                delay_init
 .text.delay_ms
                0x00000d80       0x24 hal/src/hal_delay.o
                0x00000d80                delay_ms
 .text.event_system_init
                0x00000da4        0x8 hal/src/hal_evsys.o
                0x00000da4                event_system_init
 .text.process_ext_irq
                0x00000dac       0x30 hal/src/hal_ext_irq.o
 .text.ext_irq_init
                0x00000ddc       0x20 hal/src/hal_ext_irq.o
                0x00000ddc                ext_irq_init
 .text.flash_ready
                0x00000dfc        0x8 hal/src/hal_flash.o
 .text.flash_error
                0x00000e04        0x8 hal/src/hal_flash.o
 .text.flash_init
                0x00000e0c       0x20 hal/src/hal_flash.o
                0x00000e0c                flash_init
 .text.pwm_period_expired
                0x00000e2c        0x8 hal/src/hal_pwm.o
 .text.pwm_detect_fault
                0x00000e34        0x8 hal/src/hal_pwm.o
 .text.pwm_init
                0x00000e3c       0x20 hal/src/hal_pwm.o
                0x00000e3c                pwm_init
 .text.timer_add_timer_task
                0x00000e5c       0x4c hal/src/hal_timer.o
 .text.timer_process_counted
                0x00000ea8       0x6c hal/src/hal_timer.o
 .text.timer_init
                0x00000f14       0x1c hal/src/hal_timer.o
                0x00000f14                timer_init
 .text.list_insert_as_head
                0x00000f30        0x8 hal/utils/src/utils_list.o
                0x00000f30                list_insert_as_head
 .text.list_insert_after
                0x00000f38        0x8 hal/utils/src/utils_list.o
                0x00000f38                list_insert_after
 .text.list_remove_head
                0x00000f40        0xc hal/utils/src/utils_list.o
                0x00000f40                list_remove_head
 .text.hri_ac_wait_for_sync
                0x00000f4c        0x8 hpl/ac/hpl_ac.o
 .text._ac_init
                0x00000f54       0x40 hpl/ac/hpl_ac.o
 .text._ac_sync_init
                0x00000f94        0xc hpl/ac/hpl_ac.o
                0x00000f94                _ac_sync_init
 .text.hri_adc_wait_for_sync
                0x00000fa0        0x8 hpl/adc/hpl_adc.o
 .text.hri_adc_set_CTRLA_SWRST_bit
                0x00000fa8       0x18 hpl/adc/hpl_adc.o
 .text._adc_get_regs
                0x00000fc0       0x14 hpl/adc/hpl_adc.o
 .text._adc_init
                0x00000fd4       0x6c hpl/adc/hpl_adc.o
 .text._adc_sync_init
                0x00001040       0x20 hpl/adc/hpl_adc.o
                0x00001040                _adc_sync_init
 .text._irq_set
                0x00001060       0x1c hpl/core/hpl_core_m4.o
                0x00001060                _irq_set
 .text._get_cycles_for_ms
                0x0000107c        0x8 hpl/core/hpl_core_m4.o
                0x0000107c                _get_cycles_for_ms
 .text._init_chip
                0x00001084       0x54 hpl/core/hpl_init.o
                0x00001084                _init_chip
 .text.hri_dac_wait_for_sync
                0x000010d8        0x8 hpl/dac/hpl_dac.o
 .text._dac_init
                0x000010e0       0x40 hpl/dac/hpl_dac.o
 .text._dac_sync_init
                0x00001120        0xc hpl/dac/hpl_dac.o
                0x00001120                _dac_sync_init
 .text._dmac_handler
                0x0000112c       0x50 hpl/dmac/hpl_dmac.o
 .text._dma_init
                0x0000117c       0xc8 hpl/dmac/hpl_dmac.o
                0x0000117c                _dma_init
 .text.DMAC_0_Handler
                0x00001244        0x8 hpl/dmac/hpl_dmac.o
                0x00001244                DMAC_0_Handler
 .text.DMAC_1_Handler
                0x0000124c        0x8 hpl/dmac/hpl_dmac.o
                0x0000124c                DMAC_1_Handler
 .text.DMAC_2_Handler
                0x00001254        0x8 hpl/dmac/hpl_dmac.o
                0x00001254                DMAC_2_Handler
 .text.DMAC_3_Handler
                0x0000125c        0x8 hpl/dmac/hpl_dmac.o
                0x0000125c                DMAC_3_Handler
 .text.DMAC_4_Handler
                0x00001264        0x8 hpl/dmac/hpl_dmac.o
                0x00001264                DMAC_4_Handler
 .text._ext_irq_init
                0x0000126c       0x6c hpl/eic/hpl_eic.o
                0x0000126c                _ext_irq_init
 .text._event_system_init
                0x000012d8       0x58 hpl/evsys/hpl_evsys.o
                0x000012d8                _event_system_init
 .text._gclk_init_generators_by_fref
                0x00001330       0x90 hpl/gclk/hpl_gclk.o
                0x00001330                _gclk_init_generators_by_fref
 .text._mclk_init
                0x000013c0        0xc hpl/mclk/hpl_mclk.o
                0x000013c0                _mclk_init
 .text._flash_init
                0x000013cc       0x4c hpl/nvmctrl/hpl_nvmctrl.o
                0x000013cc                _flash_init
 .text.NVMCTRL_1_Handler
                0x00001418       0x2c hpl/nvmctrl/hpl_nvmctrl.o
                0x00001418                NVMCTRL_1_Handler
 .text.NVMCTRL_0_Handler
                0x00001444        0x8 hpl/nvmctrl/hpl_nvmctrl.o
                0x00001444                NVMCTRL_0_Handler
 .text._osc32kctrl_init_sources
                0x0000144c       0x20 hpl/osc32kctrl/hpl_osc32kctrl.o
                0x0000144c                _osc32kctrl_init_sources
 .text._oscctrl_init_referenced_generators
                0x0000146c       0xa0 hpl/oscctrl/hpl_oscctrl.o
                0x0000146c                _oscctrl_init_referenced_generators
 .text.RAMECC_Handler
                0x0000150c       0x3c hpl/ramecc/hpl_ramecc.o
                0x0000150c                RAMECC_Handler
 .text.__NVIC_EnableIRQ
                0x00001548       0x1c hpl/sercom/hpl_sercom.o
 .text.__NVIC_DisableIRQ
                0x00001564       0x28 hpl/sercom/hpl_sercom.o
 .text.__NVIC_ClearPendingIRQ
                0x0000158c       0x20 hpl/sercom/hpl_sercom.o
 .text.hri_sercomusart_wait_for_sync
                0x000015ac        0x8 hpl/sercom/hpl_sercom.o
 .text.hri_sercomusart_get_CTRLA_ENABLE_bit
                0x000015b4       0x14 hpl/sercom/hpl_sercom.o
 .text._sercom_get_hardware_index
                0x000015c8       0x34 hpl/sercom/hpl_sercom.o
 .text._usart_init
                0x000015fc       0xa8 hpl/sercom/hpl_sercom.o
 .text._sercom_get_irq_num
                0x000016a4       0x14 hpl/sercom/hpl_sercom.o
 .text._usart_async_init
                0x000016b8       0x58 hpl/sercom/hpl_sercom.o
                0x000016b8                _usart_async_init
 .text._usart_async_enable
                0x00001710       0x1c hpl/sercom/hpl_sercom.o
                0x00001710                _usart_async_enable
 .text._usart_async_write_byte
                0x0000172c        0x6 hpl/sercom/hpl_sercom.o
                0x0000172c                _usart_async_write_byte
 .text._usart_async_read_byte
                0x00001732        0x8 hpl/sercom/hpl_sercom.o
                0x00001732                _usart_async_read_byte
 .text._usart_async_is_byte_sent
                0x0000173a        0xa hpl/sercom/hpl_sercom.o
                0x0000173a                _usart_async_is_byte_sent
 .text._usart_async_is_byte_received
                0x00001744        0xa hpl/sercom/hpl_sercom.o
                0x00001744                _usart_async_is_byte_received
 .text._usart_async_enable_tx_done_irq
                0x0000174e        0x8 hpl/sercom/hpl_sercom.o
                0x0000174e                _usart_async_enable_tx_done_irq
 .text._usart_async_set_irq_state
                0x00001756       0x32 hpl/sercom/hpl_sercom.o
                0x00001756                _usart_async_set_irq_state
 .text._delay_init
                0x00001788       0x14 hpl/systick/hpl_systick.o
                0x00001788                _delay_init
 .text._delay_cycles
                0x0000179c       0x38 hpl/systick/hpl_systick.o
                0x0000179c                _delay_cycles
 .text.__NVIC_DisableIRQ
                0x000017d4       0x28 hpl/tcc/hpl_tcc.o
 .text._tcc_timer_set_period
                0x000017fc        0x6 hpl/tcc/hpl_tcc.o
                0x000017fc                _tcc_timer_set_period
 .text._tcc_timer_get_period
                0x00001802        0x6 hpl/tcc/hpl_tcc.o
                0x00001802                _tcc_timer_get_period
 .text.tcc_interrupt_handler
                0x00001808       0x12 hpl/tcc/hpl_tcc.o
 *fill*         0x0000181a        0x2 
 .text._get_hardware_offset
                0x0000181c       0x34 hpl/tcc/hpl_tcc.o
 .text._tcc_timer_start
                0x00001850       0x12 hpl/tcc/hpl_tcc.o
                0x00001850                _tcc_timer_start
 *fill*         0x00001862        0x2 
 .text._tcc_timer_init
                0x00001864      0x104 hpl/tcc/hpl_tcc.o
                0x00001864                _tcc_timer_init
 .text._tcc_timer_stop
                0x00001968       0x12 hpl/tcc/hpl_tcc.o
                0x00001968                _tcc_timer_stop
 .text._tcc_timer_is_started
                0x0000197a       0x10 hpl/tcc/hpl_tcc.o
                0x0000197a                _tcc_timer_is_started
 *fill*         0x0000198a        0x2 
 .text._tcc_timer_set_irq
                0x0000198c       0x2c hpl/tcc/hpl_tcc.o
                0x0000198c                _tcc_timer_set_irq
 .text._tcc_timer_deinit
                0x000019b8       0x48 hpl/tcc/hpl_tcc.o
                0x000019b8                _tcc_timer_deinit
 .text._tcc_get_timer
                0x00001a00        0x8 hpl/tcc/hpl_tcc.o
                0x00001a00                _tcc_get_timer
 .text.TCC0_0_Handler
                0x00001a08       0x10 hpl/tcc/hpl_tcc.o
                0x00001a08                TCC0_0_Handler
 .text.TCC1_0_Handler
                0x00001a18       0x10 hpl/tcc/hpl_tcc.o
                0x00001a18                TCC1_0_Handler
 .text.TCC2_0_Handler
                0x00001a28       0x10 hpl/tcc/hpl_tcc.o
                0x00001a28                TCC2_0_Handler
 .text.TCC3_0_Handler
                0x00001a38       0x10 hpl/tcc/hpl_tcc.o
                0x00001a38                TCC3_0_Handler
 .text.TCC4_0_Handler
                0x00001a48       0x10 hpl/tcc/hpl_tcc.o
                0x00001a48                TCC4_0_Handler
 .text.__NVIC_DisableIRQ
                0x00001a58       0x28 hpl/tc/hpl_tc.o
 .text.hri_tc_wait_for_sync
                0x00001a80        0x8 hpl/tc/hpl_tc.o
 .text.hri_tc_set_CTRLA_SWRST_bit
                0x00001a88       0x18 hpl/tc/hpl_tc.o
 .text.hri_tc_get_CTRLA_ENABLE_bit
                0x00001aa0       0x14 hpl/tc/hpl_tc.o
 .text.hri_tc_clear_CTRLA_ENABLE_bit
                0x00001ab4       0x18 hpl/tc/hpl_tc.o
 .text._tc_timer_start
                0x00001acc       0x1c hpl/tc/hpl_tc.o
                0x00001acc                _tc_timer_start
 .text._tc_timer_stop
                0x00001ae8        0xc hpl/tc/hpl_tc.o
                0x00001ae8                _tc_timer_stop
 .text._tc_timer_set_period
                0x00001af4       0x2e hpl/tc/hpl_tc.o
                0x00001af4                _tc_timer_set_period
 .text._tc_timer_get_period
                0x00001b22       0x30 hpl/tc/hpl_tc.o
                0x00001b22                _tc_timer_get_period
 *fill*         0x00001b52        0x2 
 .text._tc_timer_is_started
                0x00001b54        0xc hpl/tc/hpl_tc.o
                0x00001b54                _tc_timer_is_started
 .text.tc_interrupt_handler
                0x00001b60       0x12 hpl/tc/hpl_tc.o
 .text.tc_pwm_interrupt_handler
                0x00001b72       0x2e hpl/tc/hpl_tc.o
 .text._tc_init_irq_param
                0x00001ba0       0x64 hpl/tc/hpl_tc.o
 .text.get_tc_index
                0x00001c04       0x58 hpl/tc/hpl_tc.o
 .text._tc_timer_init
                0x00001c5c       0xdc hpl/tc/hpl_tc.o
                0x00001c5c                _tc_timer_init
 .text._tc_timer_deinit
                0x00001d38       0x40 hpl/tc/hpl_tc.o
                0x00001d38                _tc_timer_deinit
 .text._tc_timer_set_irq
                0x00001d78       0x28 hpl/tc/hpl_tc.o
                0x00001d78                _tc_timer_set_irq
 .text._pwm_init
                0x00001da0       0xc4 hpl/tc/hpl_tc.o
                0x00001da0                _pwm_init
 .text._tc_get_timer
                0x00001e64        0x8 hpl/tc/hpl_tc.o
                0x00001e64                _tc_get_timer
 .text._tc_get_pwm
                0x00001e6c        0x4 hpl/tc/hpl_tc.o
                0x00001e6c                _tc_get_pwm
 .text.TC0_Handler
                0x00001e70       0x10 hpl/tc/hpl_tc.o
                0x00001e70                TC0_Handler
 .text.TC1_Handler
                0x00001e80       0x10 hpl/tc/hpl_tc.o
                0x00001e80                TC1_Handler
 .text.TC2_Handler
                0x00001e90       0x10 hpl/tc/hpl_tc.o
                0x00001e90                TC2_Handler
 .text.TC3_Handler
                0x00001ea0       0x10 hpl/tc/hpl_tc.o
                0x00001ea0                TC3_Handler
 .text.TC4_Handler
                0x00001eb0       0x10 hpl/tc/hpl_tc.o
                0x00001eb0                TC4_Handler
 .text.TC5_Handler
                0x00001ec0       0x10 hpl/tc/hpl_tc.o
                0x00001ec0                TC5_Handler
 .text._wdt_init
                0x00001ed0       0x3e hpl/wdt/hpl_wdt.o
                0x00001ed0                _wdt_init
 *fill*         0x00001f0e        0x2 
 .text.startup.main
                0x00001f10       0x34 main.o
                0x00001f10                main
 .text.vListInsertEnd
                0x00001f44       0x18 thirdparty/RTOS/freertos/FreeRTOSV10.0.0/Source/list.o
                0x00001f44                vListInsertEnd
 .text.uxListRemove
                0x00001f5c       0x22 thirdparty/RTOS/freertos/FreeRTOSV10.0.0/Source/list.o
                0x00001f5c                uxListRemove
 *fill*         0x00001f7e        0x2 
 .text.SVC_Handler
                0x00001f80       0x24 thirdparty/RTOS/freertos/FreeRTOSV10.0.0/Source/portable/GCC/ARM_CM4F/port.o
                0x00001f80                SVC_Handler
 *fill*         0x00001fa4        0xc 
 .text.PendSV_Handler
                0x00001fb0       0x64 thirdparty/RTOS/freertos/FreeRTOSV10.0.0/Source/portable/GCC/ARM_CM4F/port.o
                0x00001fb0                PendSV_Handler
 .text.SysTick_Handler
                0x00002014       0x30 thirdparty/RTOS/freertos/FreeRTOSV10.0.0/Source/portable/GCC/ARM_CM4F/port.o
                0x00002014                SysTick_Handler
 .text.prvResetNextTaskUnblockTime
                0x00002044       0x20 thirdparty/RTOS/freertos/FreeRTOSV10.0.0/Source/tasks.o
 .text.xTaskIncrementTick
                0x00002064       0xec thirdparty/RTOS/freertos/FreeRTOSV10.0.0/Source/tasks.o
                0x00002064                xTaskIncrementTick
 .text.vTaskSwitchContext
                0x00002150       0x68 thirdparty/RTOS/freertos/FreeRTOSV10.0.0/Source/tasks.o
                0x00002150                vTaskSwitchContext
 .text.__libc_init_array
                0x000021b8       0x48 c:/program files (x86)/atmel/studio/7.0/toolchain/arm/arm-gnu-toolchain/bin/../lib/gcc/arm-none-eabi/6.3.1/../../../../arm-none-eabi/lib/thumb/v7e-m\libc_nano.a(lib_a-init.o)
                0x000021b8                __libc_init_array
 .text.strcpy   0x00002200       0x10 c:/program files (x86)/atmel/studio/7.0/toolchain/arm/arm-gnu-toolchain/bin/../lib/gcc/arm-none-eabi/6.3.1/../../../../arm-none-eabi/lib/thumb/v7e-m\libc_nano.a(lib_a-strcpy.o)
                0x00002200                strcpy
 *(.glue_7t)
 .glue_7t       0x00002210        0x0 linker stubs
 *(.glue_7)
 .glue_7        0x00002210        0x0 linker stubs
 *(.rodata .rodata* .gnu.linkonce.r.*)
 .rodata.str1.1
                0x00002210      0x194 Apps/Tasks/ModemTask/source/ModemController.o
 .rodata.str1.1
                0x000023a4       0x74 Apps/Tasks/ModemTask/source/ModemPowerControl.o
 .rodata.str1.1
                0x00002418       0x21 Apps/SerialDebug/SerialDebug.o
 *fill*         0x00002439        0x1 
 .rodata        0x0000243a       0x2c hpl/adc/hpl_adc.o
 *fill*         0x00002466        0x2 
 .rodata        0x00002468      0x100 hpl/dmac/hpl_dmac.o
 .rodata        0x00002568      0x104 hpl/evsys/hpl_evsys.o
 .rodata        0x0000266c       0x78 hpl/sercom/hpl_sercom.o
 .rodata        0x000026e4       0xcd hpl/tcc/hpl_tcc.o
 *fill*         0x000027b1        0x3 
 .rodata        0x000027b4       0x18 hpl/tc/hpl_tc.o
 .rodata.str1.1
                0x000027cc        0x4 main.o
 *(.ARM.extab* .gnu.linkonce.armextab.*)
                0x000027d0                . = ALIGN (0x4)
 *(.init)
 .init          0x000027d0        0x4 c:/program files (x86)/atmel/studio/7.0/toolchain/arm/arm-gnu-toolchain/bin/../lib/gcc/arm-none-eabi/6.3.1/thumb/v7e-m/crti.o
                0x000027d0                _init
 .init          0x000027d4        0x8 c:/program files (x86)/atmel/studio/7.0/toolchain/arm/arm-gnu-toolchain/bin/../lib/gcc/arm-none-eabi/6.3.1/thumb/v7e-m/crtn.o
                0x000027dc                . = ALIGN (0x4)
                0x000027dc                __preinit_array_start = .
 *(.preinit_array)
                0x000027dc                __preinit_array_end = .
                0x000027dc                . = ALIGN (0x4)
                0x000027dc                __init_array_start = .
 *(SORT(.init_array.*))
 *(.init_array)
 .init_array    0x000027dc        0x4 c:/program files (x86)/atmel/studio/7.0/toolchain/arm/arm-gnu-toolchain/bin/../lib/gcc/arm-none-eabi/6.3.1/thumb/v7e-m/crtbegin.o
                0x000027e0                __init_array_end = .
                0x000027e0                . = ALIGN (0x4)
 *crtbegin.o(.ctors)
 *(EXCLUDE_FILE(*crtend.o) .ctors)
 *(SORT(.ctors.*))
 *crtend.o(.ctors)
                0x000027e0                . = ALIGN (0x4)
 *(.fini)
 .fini          0x000027e0        0x4 c:/program files (x86)/atmel/studio/7.0/toolchain/arm/arm-gnu-toolchain/bin/../lib/gcc/arm-none-eabi/6.3.1/thumb/v7e-m/crti.o
                0x000027e0                _fini
 .fini          0x000027e4        0x8 c:/program files (x86)/atmel/studio/7.0/toolchain/arm/arm-gnu-toolchain/bin/../lib/gcc/arm-none-eabi/6.3.1/thumb/v7e-m/crtn.o
                0x000027ec                . = ALIGN (0x4)
                0x000027ec                __fini_array_start = .
 *(.fini_array)
 .fini_array    0x000027ec        0x4 c:/program files (x86)/atmel/studio/7.0/toolchain/arm/arm-gnu-toolchain/bin/../lib/gcc/arm-none-eabi/6.3.1/thumb/v7e-m/crtbegin.o
 *(SORT(.fini_array.*))
                0x000027f0                __fini_array_end = .
 *crtbegin.o(.dtors)
 *(EXCLUDE_FILE(*crtend.o) .dtors)
 *(SORT(.dtors.*))
 *crtend.o(.dtors)
                0x000027f0                . = ALIGN (0x4)
                0x000027f0                _efixed = .
                [!provide]                PROVIDE (__exidx_start, .)

.vfp11_veneer   0x000027f0        0x0
 .vfp11_veneer  0x000027f0        0x0 linker stubs

.v4_bx          0x000027f0        0x0
 .v4_bx         0x000027f0        0x0 linker stubs

.iplt           0x000027f0        0x0
 .iplt          0x000027f0        0x0 c:/program files (x86)/atmel/studio/7.0/toolchain/arm/arm-gnu-toolchain/bin/../lib/gcc/arm-none-eabi/6.3.1/thumb/v7e-m/crtbegin.o

.eh_frame       0x000027f0        0x0
 .eh_frame      0x000027f0        0x0 c:/program files (x86)/atmel/studio/7.0/toolchain/arm/arm-gnu-toolchain/bin/../lib/gcc/arm-none-eabi/6.3.1/thumb/v7e-m/crtbegin.o

.rel.dyn        0x000027f0        0x0
 .rel.iplt      0x000027f0        0x0 c:/program files (x86)/atmel/studio/7.0/toolchain/arm/arm-gnu-toolchain/bin/../lib/gcc/arm-none-eabi/6.3.1/thumb/v7e-m/crtbegin.o

.jcr            0x000027f0        0x0
 .jcr           0x000027f0        0x0 c:/program files (x86)/atmel/studio/7.0/toolchain/arm/arm-gnu-toolchain/bin/../lib/gcc/arm-none-eabi/6.3.1/thumb/v7e-m/crtbegin.o

.igot.plt       0x000027f0        0x0
 .igot.plt      0x000027f0        0x0 c:/program files (x86)/atmel/studio/7.0/toolchain/arm/arm-gnu-toolchain/bin/../lib/gcc/arm-none-eabi/6.3.1/thumb/v7e-m/crtbegin.o

.ARM.exidx
 *(.ARM.exidx* .gnu.linkonce.armexidx.*)
                [!provide]                PROVIDE (__exidx_end, .)
                0x000027f0                . = ALIGN (0x4)
                0x000027f0                _etext = .

.relocate       0x20000000       0xf0 load address 0x000027f0
                0x20000000                . = ALIGN (0x4)
                0x20000000                _srelocate = .
 *(.ramfunc .ramfunc.*)
 *(.data .data.*)
 .data          0x20000000       0x1c Apps/Tasks/ModemTask/source/ModemController.o
                0x20000000                MODEM_DATA
 .data          0x2000001c       0x1c Apps/SerialDebug/SerialDebug.o
                0x2000001c                DEBUG_PRINT
 .data          0x20000038       0x20 hpl/tcc/hpl_tcc.o
 .data          0x20000058       0x98 hpl/tc/hpl_tc.o
                0x200000f0                . = ALIGN (0x4)
                0x200000f0                _erelocate = .

.bkupram        0x47000000        0x0
                0x47000000                . = ALIGN (0x8)
                0x47000000                _sbkupram = .
 *(.bkupram .bkupram.*)
                0x47000000                . = ALIGN (0x8)
                0x47000000                _ebkupram = .

.qspi           0x04000000        0x0
                0x04000000                . = ALIGN (0x8)
                0x04000000                _sqspi = .
 *(.qspi .qspi.*)
                0x04000000                . = ALIGN (0x8)
                0x04000000                _eqspi = .

.bss            0x200000f0      0x8d0 load address 0x000028e0
                0x200000f0                . = ALIGN (0x4)
                0x200000f0                _sbss = .
                0x200000f0                _szero = .
 *(.bss .bss.*)
 .bss           0x200000f0       0x1c c:/program files (x86)/atmel/studio/7.0/toolchain/arm/arm-gnu-toolchain/bin/../lib/gcc/arm-none-eabi/6.3.1/thumb/v7e-m/crtbegin.o
 .bss           0x2000010c        0x4 hal/src/hal_delay.o
 .bss           0x20000110        0x8 hal/src/hal_ext_irq.o
 *fill*         0x20000118        0x8 
 .bss           0x20000120      0x580 hpl/dmac/hpl_dmac.o
 .bss           0x200006a0        0x4 hpl/nvmctrl/hpl_nvmctrl.o
 .bss           0x200006a4       0x14 hpl/tcc/hpl_tcc.o
 .bss           0x200006b8       0x18 hpl/tc/hpl_tc.o
 .bss           0x200006d0       0xec thirdparty/RTOS/freertos/FreeRTOSV10.0.0/Source/tasks.o
                0x20000740                pxCurrentTCB
 *(COMMON)
 COMMON         0x200007bc       0x40 Apps/Tasks/ModemTask/source/ModemTask.o
                0x200007bc                printBuff
                0x200007f0                ReceivedMsg
 COMMON         0x200007fc        0x7 Apps/SerialDebug/SerialDebug.o
                0x200007fc                rcvdChar
                0x200007fe                printBuf
 *fill*         0x20000803        0x1 
 COMMON         0x20000804      0x1ac driver_init.o
                0x20000804                USART_2
                0x20000810                TIMER_2
                0x20000830                PWM_0
                0x2000084c                PWM_2
                0x20000868                FLASH_0
                0x20000884                TIMER_7
                0x200008a4                AC_0
                0x200008a8                USART_3
                0x200008b4                ADC_0
                0x200008b8                TIMER_4
                0x200008d8                WDT_0
                0x200008dc                DAC_0
                0x200008f0                TIMER_1
                0x20000910                TIMER_5
                0x20000930                TIMER_6
                0x20000950                PWM_1
                0x2000096c                ADC_1
                0x20000970                TIMER_3
                0x20000990                TIMER_0
 COMMON         0x200009b0       0x10 hpl/ramecc/hpl_ramecc.o
                0x200009b0                device
                0x200009c0                . = ALIGN (0x4)
                0x200009c0                _ebss = .
                0x200009c0                _ezero = .

.stack          0x200009c0    0x10000 load address 0x000031b0
                0x200009c0                . = ALIGN (0x8)
                0x200009c0                _sstack = .
                0x200109c0                . = (. + STACK_SIZE)
 *fill*         0x200009c0    0x10000 
                0x200109c0                . = ALIGN (0x8)
                0x200109c0                _estack = .
                0x200109c0                . = ALIGN (0x4)
                0x200109c0                _end = .
OUTPUT(SAMD51.elf elf32-littlearm)

.ARM.attributes
                0x00000000       0x2e
 .ARM.attributes
                0x00000000       0x1e c:/program files (x86)/atmel/studio/7.0/toolchain/arm/arm-gnu-toolchain/bin/../lib/gcc/arm-none-eabi/6.3.1/thumb/v7e-m/crti.o
 .ARM.attributes
                0x0000001e       0x2e c:/program files (x86)/atmel/studio/7.0/toolchain/arm/arm-gnu-toolchain/bin/../lib/gcc/arm-none-eabi/6.3.1/thumb/v7e-m/crtbegin.o
 .ARM.attributes
                0x0000004c       0x37 Apps/Tasks/ModemTask/source/ModemController.o
 .ARM.attributes
                0x00000083       0x37 Apps/Tasks/ModemTask/source/ModemPowerControl.o
 .ARM.attributes
                0x000000ba       0x37 Apps/Tasks/ModemTask/source/ModemTask.o
 .ARM.attributes
                0x000000f1       0x37 Apps/UartDriver/source/UartDriver.o
 .ARM.attributes
                0x00000128       0x37 Apps/SerialDebug/SerialDebug.o
 .ARM.attributes
                0x0000015f       0x37 atmel_start.o
 .ARM.attributes
                0x00000196       0x37 Device_Startup/startup_samd51.o
 .ARM.attributes
                0x000001cd       0x37 driver_init.o
 .ARM.attributes
                0x00000204       0x37 hal/src/hal_ac_sync.o
 .ARM.attributes
                0x0000023b       0x37 hal/src/hal_adc_sync.o
 .ARM.attributes
                0x00000272       0x37 hal/src/hal_dac_sync.o
 .ARM.attributes
                0x000002a9       0x37 hal/src/hal_delay.o
 .ARM.attributes
                0x000002e0       0x37 hal/src/hal_evsys.o
 .ARM.attributes
                0x00000317       0x37 hal/src/hal_ext_irq.o
 .ARM.attributes
                0x0000034e       0x37 hal/src/hal_flash.o
 .ARM.attributes
                0x00000385       0x37 hal/src/hal_pwm.o
 .ARM.attributes
                0x000003bc       0x37 hal/src/hal_timer.o
 .ARM.attributes
                0x000003f3       0x37 hal/utils/src/utils_list.o
 .ARM.attributes
                0x0000042a       0x37 hpl/ac/hpl_ac.o
 .ARM.attributes
                0x00000461       0x37 hpl/adc/hpl_adc.o
 .ARM.attributes
                0x00000498       0x37 hpl/core/hpl_core_m4.o
 .ARM.attributes
                0x000004cf       0x37 hpl/core/hpl_init.o
 .ARM.attributes
                0x00000506       0x37 hpl/dac/hpl_dac.o
 .ARM.attributes
                0x0000053d       0x37 hpl/dmac/hpl_dmac.o
 .ARM.attributes
                0x00000574       0x37 hpl/eic/hpl_eic.o
 .ARM.attributes
                0x000005ab       0x37 hpl/evsys/hpl_evsys.o
 .ARM.attributes
                0x000005e2       0x37 hpl/gclk/hpl_gclk.o
 .ARM.attributes
                0x00000619       0x37 hpl/mclk/hpl_mclk.o
 .ARM.attributes
                0x00000650       0x37 hpl/nvmctrl/hpl_nvmctrl.o
 .ARM.attributes
                0x00000687       0x37 hpl/osc32kctrl/hpl_osc32kctrl.o
 .ARM.attributes
                0x000006be       0x37 hpl/oscctrl/hpl_oscctrl.o
 .ARM.attributes
                0x000006f5       0x37 hpl/ramecc/hpl_ramecc.o
 .ARM.attributes
                0x0000072c       0x37 hpl/sercom/hpl_sercom.o
 .ARM.attributes
                0x00000763       0x37 hpl/systick/hpl_systick.o
 .ARM.attributes
                0x0000079a       0x37 hpl/tcc/hpl_tcc.o
 .ARM.attributes
                0x000007d1       0x37 hpl/tc/hpl_tc.o
 .ARM.attributes
                0x00000808       0x37 hpl/wdt/hpl_wdt.o
 .ARM.attributes
                0x0000083f       0x37 main.o
 .ARM.attributes
                0x00000876       0x37 thirdparty/RTOS/freertos/FreeRTOSV10.0.0/Source/list.o
 .ARM.attributes
                0x000008ad       0x37 thirdparty/RTOS/freertos/FreeRTOSV10.0.0/Source/portable/GCC/ARM_CM4F/port.o
 .ARM.attributes
                0x000008e4       0x37 thirdparty/RTOS/freertos/FreeRTOSV10.0.0/Source/tasks.o
 .ARM.attributes
                0x0000091b       0x2e c:/program files (x86)/atmel/studio/7.0/toolchain/arm/arm-gnu-toolchain/bin/../lib/gcc/arm-none-eabi/6.3.1/../../../../arm-none-eabi/lib/thumb/v7e-m\libc_nano.a(lib_a-init.o)
 .ARM.attributes
                0x00000949       0x2e c:/program files (x86)/atmel/studio/7.0/toolchain/arm/arm-gnu-toolchain/bin/../lib/gcc/arm-none-eabi/6.3.1/../../../../arm-none-eabi/lib/thumb/v7e-m\libc_nano.a(lib_a-strcpy.o)
 .ARM.attributes
                0x00000977       0x1e c:/program files (x86)/atmel/studio/7.0/toolchain/arm/arm-gnu-toolchain/bin/../lib/gcc/arm-none-eabi/6.3.1/thumb/v7e-m/crtn.o

.comment        0x00000000       0x59
 .comment       0x00000000       0x59 Apps/Tasks/ModemTask/source/ModemController.o
                                 0x5a (size before relaxing)
 .comment       0x00000059       0x5a Apps/Tasks/ModemTask/source/ModemPowerControl.o
 .comment       0x00000059       0x5a Apps/Tasks/ModemTask/source/ModemTask.o
 .comment       0x00000059       0x5a Apps/UartDriver/source/UartDriver.o
 .comment       0x00000059       0x5a Apps/SerialDebug/SerialDebug.o
 .comment       0x00000059       0x5a atmel_start.o
 .comment       0x00000059       0x5a Device_Startup/startup_samd51.o
 .comment       0x00000059       0x5a driver_init.o
 .comment       0x00000059       0x5a hal/src/hal_ac_sync.o
 .comment       0x00000059       0x5a hal/src/hal_adc_sync.o
 .comment       0x00000059       0x5a hal/src/hal_dac_sync.o
 .comment       0x00000059       0x5a hal/src/hal_delay.o
 .comment       0x00000059       0x5a hal/src/hal_evsys.o
 .comment       0x00000059       0x5a hal/src/hal_ext_irq.o
 .comment       0x00000059       0x5a hal/src/hal_flash.o
 .comment       0x00000059       0x5a hal/src/hal_pwm.o
 .comment       0x00000059       0x5a hal/src/hal_timer.o
 .comment       0x00000059       0x5a hal/utils/src/utils_list.o
 .comment       0x00000059       0x5a hpl/ac/hpl_ac.o
 .comment       0x00000059       0x5a hpl/adc/hpl_adc.o
 .comment       0x00000059       0x5a hpl/core/hpl_core_m4.o
 .comment       0x00000059       0x5a hpl/core/hpl_init.o
 .comment       0x00000059       0x5a hpl/dac/hpl_dac.o
 .comment       0x00000059       0x5a hpl/dmac/hpl_dmac.o
 .comment       0x00000059       0x5a hpl/eic/hpl_eic.o
 .comment       0x00000059       0x5a hpl/evsys/hpl_evsys.o
 .comment       0x00000059       0x5a hpl/gclk/hpl_gclk.o
 .comment       0x00000059       0x5a hpl/mclk/hpl_mclk.o
 .comment       0x00000059       0x5a hpl/nvmctrl/hpl_nvmctrl.o
 .comment       0x00000059       0x5a hpl/osc32kctrl/hpl_osc32kctrl.o
 .comment       0x00000059       0x5a hpl/oscctrl/hpl_oscctrl.o
 .comment       0x00000059       0x5a hpl/ramecc/hpl_ramecc.o
 .comment       0x00000059       0x5a hpl/sercom/hpl_sercom.o
 .comment       0x00000059       0x5a hpl/systick/hpl_systick.o
 .comment       0x00000059       0x5a hpl/tcc/hpl_tcc.o
 .comment       0x00000059       0x5a hpl/tc/hpl_tc.o
 .comment       0x00000059       0x5a hpl/wdt/hpl_wdt.o
 .comment       0x00000059       0x5a main.o
 .comment       0x00000059       0x5a thirdparty/RTOS/freertos/FreeRTOSV10.0.0/Source/list.o
 .comment       0x00000059       0x5a thirdparty/RTOS/freertos/FreeRTOSV10.0.0/Source/portable/GCC/ARM_CM4F/port.o
 .comment       0x00000059       0x5a thirdparty/RTOS/freertos/FreeRTOSV10.0.0/Source/tasks.o

.debug_frame    0x00000000       0x4c
 .debug_frame   0x00000000       0x2c c:/program files (x86)/atmel/studio/7.0/toolchain/arm/arm-gnu-toolchain/bin/../lib/gcc/arm-none-eabi/6.3.1/../../../../arm-none-eabi/lib/thumb/v7e-m\libc_nano.a(lib_a-init.o)
 .debug_frame   0x0000002c       0x20 c:/program files (x86)/atmel/studio/7.0/toolchain/arm/arm-gnu-toolchain/bin/../lib/gcc/arm-none-eabi/6.3.1/../../../../arm-none-eabi/lib/thumb/v7e-m\libc_nano.a(lib_a-strcpy.o)
